#
# There is insufficient memory for the Java Runtime Environment to continue.
# Native memory allocation (malloc) failed to allocate 32784 bytes for Chunk::new
# Possible reasons:
#   The system is out of physical RAM or swap space
#   The process is running with CompressedOops enabled, and the Java Heap may be blocking the growth of the native heap
# Possible solutions:
#   Reduce memory load on the system
#   Increase physical memory or swap space
#   Check if swap backing store is full
#   Decrease Java heap size (-Xmx/-Xms)
#   Decrease number of Java threads
#   Decrease Java thread stack sizes (-Xss)
#   Set larger code cache with -XX:ReservedCodeCacheSize=
#   JVM is running with Zero Based Compressed Oops mode in which the Java heap is
#     placed in the first 32GB address space. The Java Heap base address is the
#     maximum limit for the native heap growth. Please use -XX:HeapBaseMinAddress
#     to set the Java Heap base and to place the Java Heap above 32GB virtual address.
# This output file may be truncated or incomplete.
#
#  Out of Memory Error (arena.cpp:189), pid=7044, tid=5408
#
# JRE version: OpenJDK Runtime Environment Temurin-17.0.2+8 (17.0.2+8) (build 17.0.2+8)
# Java VM: OpenJDK 64-Bit Server VM Temurin-17.0.2+8 (17.0.2+8, mixed mode, sharing, tiered, compressed oops, compressed class ptrs, g1 gc, windows-amd64)
# No core dump will be written. Minidumps are not enabled by default on client versions of Windows
#

---------------  S U M M A R Y ------------

Command Line: C:\Users\PC\Downloads\Emma\Java\Nueva carpeta\Paneles\Paneles.jar

Host: AMD Ryzen 3 3100 4-Core Processor              , 8 cores, 15G,  Windows 10 , 64 bit Build 19041 (10.0.19041.2251)
Time: Tue Nov 22 18:38:40 2022 Hora estándar de Argentina elapsed time: 29.815936 seconds (0d 0h 0m 29s)

---------------  T H R E A D  ---------------

Current thread (0x0000015934f668d0):  JavaThread "C2 CompilerThread0" daemon [_thread_in_native, id=5408, stack(0x00000017a9300000,0x00000017a9400000)]


Current CompileTask:
C2:  29815 1413       4       java.awt.Container::getMouseEventTarget (50 bytes)

Stack: [0x00000017a9300000,0x00000017a9400000]
Native frames: (J=compiled Java code, j=interpreted, Vv=VM code, C=native code)
V  [jvm.dll+0x67564a]
V  [jvm.dll+0x82fc04]
V  [jvm.dll+0x8313ae]
V  [jvm.dll+0x831a13]
V  [jvm.dll+0x245235]
V  [jvm.dll+0xabd7b]
V  [jvm.dll+0xac30c]
V  [jvm.dll+0xb79dd]
V  [jvm.dll+0x57c8c2]
V  [jvm.dll+0x2202ed]
V  [jvm.dll+0x2206cf]
V  [jvm.dll+0x219f25]
V  [jvm.dll+0x2173eb]
V  [jvm.dll+0x1a3a8d]
V  [jvm.dll+0x226ef8]
V  [jvm.dll+0x22503c]
V  [jvm.dll+0x7e596b]
V  [jvm.dll+0x7dff2a]
V  [jvm.dll+0x6744d5]
C  [ucrtbase.dll+0x21bb2]
C  [KERNEL32.DLL+0x174b4]
C  [ntdll.dll+0x526a1]


---------------  P R O C E S S  ---------------

Threads class SMR info:
_java_thread_list=0x0000015936fe3e10, length=18, elements={
0x0000015934f45ff0, 0x0000015934f46e60, 0x0000015934f5ccb0, 0x0000015934f60b80,
0x0000015934f61d40, 0x0000015934f626f0, 0x0000015934f668d0, 0x0000015934f67370,
0x0000015934f82540, 0x0000015935a19a80, 0x0000015935a211b0, 0x0000015935c82ad0,
0x0000015935c86270, 0x0000015935c8b970, 0x0000015936f5e440, 0x0000015936fa9300,
0x0000015911f8a7b0, 0x00000159370d68f0
}

Java Threads: ( => current thread )
  0x0000015934f45ff0 JavaThread "Reference Handler" daemon [_thread_blocked, id=9948, stack(0x00000017a8d00000,0x00000017a8e00000)]
  0x0000015934f46e60 JavaThread "Finalizer" daemon [_thread_blocked, id=10664, stack(0x00000017a8e00000,0x00000017a8f00000)]
  0x0000015934f5ccb0 JavaThread "Signal Dispatcher" daemon [_thread_blocked, id=16684, stack(0x00000017a8f00000,0x00000017a9000000)]
  0x0000015934f60b80 JavaThread "Attach Listener" daemon [_thread_blocked, id=15996, stack(0x00000017a9000000,0x00000017a9100000)]
  0x0000015934f61d40 JavaThread "Service Thread" daemon [_thread_blocked, id=13628, stack(0x00000017a9100000,0x00000017a9200000)]
  0x0000015934f626f0 JavaThread "Monitor Deflation Thread" daemon [_thread_blocked, id=3140, stack(0x00000017a9200000,0x00000017a9300000)]
=>0x0000015934f668d0 JavaThread "C2 CompilerThread0" daemon [_thread_in_native, id=5408, stack(0x00000017a9300000,0x00000017a9400000)]
  0x0000015934f67370 JavaThread "C1 CompilerThread0" daemon [_thread_blocked, id=9836, stack(0x00000017a9400000,0x00000017a9500000)]
  0x0000015934f82540 JavaThread "Sweeper thread" daemon [_thread_blocked, id=9500, stack(0x00000017a9500000,0x00000017a9600000)]
  0x0000015935a19a80 JavaThread "Notification Thread" daemon [_thread_blocked, id=2720, stack(0x00000017a9600000,0x00000017a9700000)]
  0x0000015935a211b0 JavaThread "Common-Cleaner" daemon [_thread_blocked, id=16308, stack(0x00000017a9800000,0x00000017a9900000)]
  0x0000015935c82ad0 JavaThread "Java2D Disposer" daemon [_thread_blocked, id=5488, stack(0x00000017a9900000,0x00000017a9a00000)]
  0x0000015935c86270 JavaThread "AWT-Shutdown" [_thread_blocked, id=9980, stack(0x00000017a9a00000,0x00000017a9b00000)]
  0x0000015935c8b970 JavaThread "AWT-Windows" daemon [_thread_in_native, id=5844, stack(0x00000017a9b00000,0x00000017a9c00000)]
  0x0000015936f5e440 JavaThread "AWT-EventQueue-0" [_thread_blocked, id=15144, stack(0x00000017a9e00000,0x00000017a9f00000)]
  0x0000015936fa9300 JavaThread "D3D Screen Updater" daemon [_thread_blocked, id=17012, stack(0x00000017a9f00000,0x00000017aa000000)]
  0x0000015911f8a7b0 JavaThread "DestroyJavaVM" [_thread_blocked, id=4988, stack(0x00000017a8600000,0x00000017a8700000)]
  0x00000159370d68f0 JavaThread "TimerQueue" daemon [_thread_blocked, id=13168, stack(0x00000017aa000000,0x00000017aa100000)]

Other Threads:
  0x0000015934f3e3f0 VMThread "VM Thread" [stack: 0x00000017a8c00000,0x00000017a8d00000] [id=8280]
  0x0000015911ff5830 WatcherThread [stack: 0x00000017a9700000,0x00000017a9800000] [id=10224]
  0x0000015911fdb5a0 GCTaskThread "GC Thread#0" [stack: 0x00000017a8700000,0x00000017a8800000] [id=4628]
  0x0000015911fecb80 ConcurrentGCThread "G1 Main Marker" [stack: 0x00000017a8800000,0x00000017a8900000] [id=10176]
  0x0000015911fee5a0 ConcurrentGCThread "G1 Conc#0" [stack: 0x00000017a8900000,0x00000017a8a00000] [id=412]
  0x0000015934e024c0 ConcurrentGCThread "G1 Refine#0" [stack: 0x00000017a8a00000,0x00000017a8b00000] [id=4728]
  0x0000015934e02cf0 ConcurrentGCThread "G1 Service" [stack: 0x00000017a8b00000,0x00000017a8c00000] [id=784]

Threads with active compile tasks:
C2 CompilerThread0    29838 1413       4       java.awt.Container::getMouseEventTarget (50 bytes)

VM state: not at safepoint (normal execution)

VM Mutex/Monitor currently owned by a thread: None

Heap address: 0x0000000701000000, size: 4080 MB, Compressed Oops mode: Zero based, Oop shift amount: 3

CDS archive(s) mapped at: [0x0000000800000000-0x0000000800bc0000-0x0000000800bc0000), size 12320768, SharedBaseAddress: 0x0000000800000000, ArchiveRelocationMode: 0.
Compressed class space mapped at: 0x0000000800c00000-0x0000000840c00000, reserved size: 1073741824
Narrow klass base: 0x0000000800000000, Narrow klass shift: 0, Narrow klass range: 0x100000000

GC Precious Log:
 CPUs: 8 total, 8 available
 Memory: 16315M
 Large Page Support: Disabled
 NUMA Support: Disabled
 Compressed Oops: Enabled (Zero based)
 Heap Region Size: 2M
 Heap Min Capacity: 8M
 Heap Initial Capacity: 256M
 Heap Max Capacity: 4080M
 Pre-touch: Disabled
 Parallel Workers: 8
 Concurrent Workers: 2
 Concurrent Refinement Workers: 8
 Periodic GC: Disabled

Heap:
 garbage-first heap   total 262144K, used 10240K [0x0000000701000000, 0x0000000800000000)
  region size 2048K, 6 young (12288K), 0 survivors (0K)
 Metaspace       used 8448K, committed 8704K, reserved 1056768K
  class space    used 916K, committed 1024K, reserved 1048576K

Heap Regions: E=young(eden), S=young(survivor), O=old, HS=humongous(starts), HC=humongous(continues), CS=collection set, F=free, OA=open archive, CA=closed archive, TAMS=top-at-mark-start (previous, next)
|   0|0x0000000701000000, 0x0000000701000000, 0x0000000701200000|  0%| F|  |TAMS 0x0000000701000000, 0x0000000701000000| Untracked 
|   1|0x0000000701200000, 0x0000000701200000, 0x0000000701400000|  0%| F|  |TAMS 0x0000000701200000, 0x0000000701200000| Untracked 
|   2|0x0000000701400000, 0x0000000701400000, 0x0000000701600000|  0%| F|  |TAMS 0x0000000701400000, 0x0000000701400000| Untracked 
|   3|0x0000000701600000, 0x0000000701600000, 0x0000000701800000|  0%| F|  |TAMS 0x0000000701600000, 0x0000000701600000| Untracked 
|   4|0x0000000701800000, 0x0000000701800000, 0x0000000701a00000|  0%| F|  |TAMS 0x0000000701800000, 0x0000000701800000| Untracked 
|   5|0x0000000701a00000, 0x0000000701a00000, 0x0000000701c00000|  0%| F|  |TAMS 0x0000000701a00000, 0x0000000701a00000| Untracked 
|   6|0x0000000701c00000, 0x0000000701c00000, 0x0000000701e00000|  0%| F|  |TAMS 0x0000000701c00000, 0x0000000701c00000| Untracked 
|   7|0x0000000701e00000, 0x0000000701e00000, 0x0000000702000000|  0%| F|  |TAMS 0x0000000701e00000, 0x0000000701e00000| Untracked 
|   8|0x0000000702000000, 0x0000000702000000, 0x0000000702200000|  0%| F|  |TAMS 0x0000000702000000, 0x0000000702000000| Untracked 
|   9|0x0000000702200000, 0x0000000702200000, 0x0000000702400000|  0%| F|  |TAMS 0x0000000702200000, 0x0000000702200000| Untracked 
|  10|0x0000000702400000, 0x0000000702400000, 0x0000000702600000|  0%| F|  |TAMS 0x0000000702400000, 0x0000000702400000| Untracked 
|  11|0x0000000702600000, 0x0000000702600000, 0x0000000702800000|  0%| F|  |TAMS 0x0000000702600000, 0x0000000702600000| Untracked 
|  12|0x0000000702800000, 0x0000000702800000, 0x0000000702a00000|  0%| F|  |TAMS 0x0000000702800000, 0x0000000702800000| Untracked 
|  13|0x0000000702a00000, 0x0000000702a00000, 0x0000000702c00000|  0%| F|  |TAMS 0x0000000702a00000, 0x0000000702a00000| Untracked 
|  14|0x0000000702c00000, 0x0000000702c00000, 0x0000000702e00000|  0%| F|  |TAMS 0x0000000702c00000, 0x0000000702c00000| Untracked 
|  15|0x0000000702e00000, 0x0000000702e00000, 0x0000000703000000|  0%| F|  |TAMS 0x0000000702e00000, 0x0000000702e00000| Untracked 
|  16|0x0000000703000000, 0x0000000703000000, 0x0000000703200000|  0%| F|  |TAMS 0x0000000703000000, 0x0000000703000000| Untracked 
|  17|0x0000000703200000, 0x0000000703200000, 0x0000000703400000|  0%| F|  |TAMS 0x0000000703200000, 0x0000000703200000| Untracked 
|  18|0x0000000703400000, 0x0000000703400000, 0x0000000703600000|  0%| F|  |TAMS 0x0000000703400000, 0x0000000703400000| Untracked 
|  19|0x0000000703600000, 0x0000000703600000, 0x0000000703800000|  0%| F|  |TAMS 0x0000000703600000, 0x0000000703600000| Untracked 
|  20|0x0000000703800000, 0x0000000703800000, 0x0000000703a00000|  0%| F|  |TAMS 0x0000000703800000, 0x0000000703800000| Untracked 
|  21|0x0000000703a00000, 0x0000000703a00000, 0x0000000703c00000|  0%| F|  |TAMS 0x0000000703a00000, 0x0000000703a00000| Untracked 
|  22|0x0000000703c00000, 0x0000000703c00000, 0x0000000703e00000|  0%| F|  |TAMS 0x0000000703c00000, 0x0000000703c00000| Untracked 
|  23|0x0000000703e00000, 0x0000000703e00000, 0x0000000704000000|  0%| F|  |TAMS 0x0000000703e00000, 0x0000000703e00000| Untracked 
|  24|0x0000000704000000, 0x0000000704000000, 0x0000000704200000|  0%| F|  |TAMS 0x0000000704000000, 0x0000000704000000| Untracked 
|  25|0x0000000704200000, 0x0000000704200000, 0x0000000704400000|  0%| F|  |TAMS 0x0000000704200000, 0x0000000704200000| Untracked 
|  26|0x0000000704400000, 0x0000000704400000, 0x0000000704600000|  0%| F|  |TAMS 0x0000000704400000, 0x0000000704400000| Untracked 
|  27|0x0000000704600000, 0x0000000704600000, 0x0000000704800000|  0%| F|  |TAMS 0x0000000704600000, 0x0000000704600000| Untracked 
|  28|0x0000000704800000, 0x0000000704800000, 0x0000000704a00000|  0%| F|  |TAMS 0x0000000704800000, 0x0000000704800000| Untracked 
|  29|0x0000000704a00000, 0x0000000704a00000, 0x0000000704c00000|  0%| F|  |TAMS 0x0000000704a00000, 0x0000000704a00000| Untracked 
|  30|0x0000000704c00000, 0x0000000704c00000, 0x0000000704e00000|  0%| F|  |TAMS 0x0000000704c00000, 0x0000000704c00000| Untracked 
|  31|0x0000000704e00000, 0x0000000704e00000, 0x0000000705000000|  0%| F|  |TAMS 0x0000000704e00000, 0x0000000704e00000| Untracked 
|  32|0x0000000705000000, 0x0000000705000000, 0x0000000705200000|  0%| F|  |TAMS 0x0000000705000000, 0x0000000705000000| Untracked 
|  33|0x0000000705200000, 0x0000000705200000, 0x0000000705400000|  0%| F|  |TAMS 0x0000000705200000, 0x0000000705200000| Untracked 
|  34|0x0000000705400000, 0x0000000705400000, 0x0000000705600000|  0%| F|  |TAMS 0x0000000705400000, 0x0000000705400000| Untracked 
|  35|0x0000000705600000, 0x0000000705600000, 0x0000000705800000|  0%| F|  |TAMS 0x0000000705600000, 0x0000000705600000| Untracked 
|  36|0x0000000705800000, 0x0000000705800000, 0x0000000705a00000|  0%| F|  |TAMS 0x0000000705800000, 0x0000000705800000| Untracked 
|  37|0x0000000705a00000, 0x0000000705a00000, 0x0000000705c00000|  0%| F|  |TAMS 0x0000000705a00000, 0x0000000705a00000| Untracked 
|  38|0x0000000705c00000, 0x0000000705c00000, 0x0000000705e00000|  0%| F|  |TAMS 0x0000000705c00000, 0x0000000705c00000| Untracked 
|  39|0x0000000705e00000, 0x0000000705e00000, 0x0000000706000000|  0%| F|  |TAMS 0x0000000705e00000, 0x0000000705e00000| Untracked 
|  40|0x0000000706000000, 0x0000000706000000, 0x0000000706200000|  0%| F|  |TAMS 0x0000000706000000, 0x0000000706000000| Untracked 
|  41|0x0000000706200000, 0x0000000706200000, 0x0000000706400000|  0%| F|  |TAMS 0x0000000706200000, 0x0000000706200000| Untracked 
|  42|0x0000000706400000, 0x0000000706400000, 0x0000000706600000|  0%| F|  |TAMS 0x0000000706400000, 0x0000000706400000| Untracked 
|  43|0x0000000706600000, 0x0000000706600000, 0x0000000706800000|  0%| F|  |TAMS 0x0000000706600000, 0x0000000706600000| Untracked 
|  44|0x0000000706800000, 0x0000000706800000, 0x0000000706a00000|  0%| F|  |TAMS 0x0000000706800000, 0x0000000706800000| Untracked 
|  45|0x0000000706a00000, 0x0000000706a00000, 0x0000000706c00000|  0%| F|  |TAMS 0x0000000706a00000, 0x0000000706a00000| Untracked 
|  46|0x0000000706c00000, 0x0000000706c00000, 0x0000000706e00000|  0%| F|  |TAMS 0x0000000706c00000, 0x0000000706c00000| Untracked 
|  47|0x0000000706e00000, 0x0000000706e00000, 0x0000000707000000|  0%| F|  |TAMS 0x0000000706e00000, 0x0000000706e00000| Untracked 
|  48|0x0000000707000000, 0x0000000707000000, 0x0000000707200000|  0%| F|  |TAMS 0x0000000707000000, 0x0000000707000000| Untracked 
|  49|0x0000000707200000, 0x0000000707200000, 0x0000000707400000|  0%| F|  |TAMS 0x0000000707200000, 0x0000000707200000| Untracked 
|  50|0x0000000707400000, 0x0000000707400000, 0x0000000707600000|  0%| F|  |TAMS 0x0000000707400000, 0x0000000707400000| Untracked 
|  51|0x0000000707600000, 0x0000000707600000, 0x0000000707800000|  0%| F|  |TAMS 0x0000000707600000, 0x0000000707600000| Untracked 
|  52|0x0000000707800000, 0x0000000707800000, 0x0000000707a00000|  0%| F|  |TAMS 0x0000000707800000, 0x0000000707800000| Untracked 
|  53|0x0000000707a00000, 0x0000000707a00000, 0x0000000707c00000|  0%| F|  |TAMS 0x0000000707a00000, 0x0000000707a00000| Untracked 
|  54|0x0000000707c00000, 0x0000000707c00000, 0x0000000707e00000|  0%| F|  |TAMS 0x0000000707c00000, 0x0000000707c00000| Untracked 
|  55|0x0000000707e00000, 0x0000000707e00000, 0x0000000708000000|  0%| F|  |TAMS 0x0000000707e00000, 0x0000000707e00000| Untracked 
|  56|0x0000000708000000, 0x0000000708000000, 0x0000000708200000|  0%| F|  |TAMS 0x0000000708000000, 0x0000000708000000| Untracked 
|  57|0x0000000708200000, 0x0000000708200000, 0x0000000708400000|  0%| F|  |TAMS 0x0000000708200000, 0x0000000708200000| Untracked 
|  58|0x0000000708400000, 0x0000000708400000, 0x0000000708600000|  0%| F|  |TAMS 0x0000000708400000, 0x0000000708400000| Untracked 
|  59|0x0000000708600000, 0x0000000708600000, 0x0000000708800000|  0%| F|  |TAMS 0x0000000708600000, 0x0000000708600000| Untracked 
|  60|0x0000000708800000, 0x0000000708800000, 0x0000000708a00000|  0%| F|  |TAMS 0x0000000708800000, 0x0000000708800000| Untracked 
|  61|0x0000000708a00000, 0x0000000708a00000, 0x0000000708c00000|  0%| F|  |TAMS 0x0000000708a00000, 0x0000000708a00000| Untracked 
|  62|0x0000000708c00000, 0x0000000708c00000, 0x0000000708e00000|  0%| F|  |TAMS 0x0000000708c00000, 0x0000000708c00000| Untracked 
|  63|0x0000000708e00000, 0x0000000708e00000, 0x0000000709000000|  0%| F|  |TAMS 0x0000000708e00000, 0x0000000708e00000| Untracked 
|  64|0x0000000709000000, 0x0000000709000000, 0x0000000709200000|  0%| F|  |TAMS 0x0000000709000000, 0x0000000709000000| Untracked 
|  65|0x0000000709200000, 0x0000000709200000, 0x0000000709400000|  0%| F|  |TAMS 0x0000000709200000, 0x0000000709200000| Untracked 
|  66|0x0000000709400000, 0x0000000709400000, 0x0000000709600000|  0%| F|  |TAMS 0x0000000709400000, 0x0000000709400000| Untracked 
|  67|0x0000000709600000, 0x0000000709600000, 0x0000000709800000|  0%| F|  |TAMS 0x0000000709600000, 0x0000000709600000| Untracked 
|  68|0x0000000709800000, 0x0000000709800000, 0x0000000709a00000|  0%| F|  |TAMS 0x0000000709800000, 0x0000000709800000| Untracked 
|  69|0x0000000709a00000, 0x0000000709a00000, 0x0000000709c00000|  0%| F|  |TAMS 0x0000000709a00000, 0x0000000709a00000| Untracked 
|  70|0x0000000709c00000, 0x0000000709c00000, 0x0000000709e00000|  0%| F|  |TAMS 0x0000000709c00000, 0x0000000709c00000| Untracked 
|  71|0x0000000709e00000, 0x0000000709e00000, 0x000000070a000000|  0%| F|  |TAMS 0x0000000709e00000, 0x0000000709e00000| Untracked 
|  72|0x000000070a000000, 0x000000070a000000, 0x000000070a200000|  0%| F|  |TAMS 0x000000070a000000, 0x000000070a000000| Untracked 
|  73|0x000000070a200000, 0x000000070a200000, 0x000000070a400000|  0%| F|  |TAMS 0x000000070a200000, 0x000000070a200000| Untracked 
|  74|0x000000070a400000, 0x000000070a400000, 0x000000070a600000|  0%| F|  |TAMS 0x000000070a400000, 0x000000070a400000| Untracked 
|  75|0x000000070a600000, 0x000000070a600000, 0x000000070a800000|  0%| F|  |TAMS 0x000000070a600000, 0x000000070a600000| Untracked 
|  76|0x000000070a800000, 0x000000070a800000, 0x000000070aa00000|  0%| F|  |TAMS 0x000000070a800000, 0x000000070a800000| Untracked 
|  77|0x000000070aa00000, 0x000000070aa00000, 0x000000070ac00000|  0%| F|  |TAMS 0x000000070aa00000, 0x000000070aa00000| Untracked 
|  78|0x000000070ac00000, 0x000000070ac00000, 0x000000070ae00000|  0%| F|  |TAMS 0x000000070ac00000, 0x000000070ac00000| Untracked 
|  79|0x000000070ae00000, 0x000000070ae00000, 0x000000070b000000|  0%| F|  |TAMS 0x000000070ae00000, 0x000000070ae00000| Untracked 
|  80|0x000000070b000000, 0x000000070b000000, 0x000000070b200000|  0%| F|  |TAMS 0x000000070b000000, 0x000000070b000000| Untracked 
|  81|0x000000070b200000, 0x000000070b200000, 0x000000070b400000|  0%| F|  |TAMS 0x000000070b200000, 0x000000070b200000| Untracked 
|  82|0x000000070b400000, 0x000000070b400000, 0x000000070b600000|  0%| F|  |TAMS 0x000000070b400000, 0x000000070b400000| Untracked 
|  83|0x000000070b600000, 0x000000070b600000, 0x000000070b800000|  0%| F|  |TAMS 0x000000070b600000, 0x000000070b600000| Untracked 
|  84|0x000000070b800000, 0x000000070b800000, 0x000000070ba00000|  0%| F|  |TAMS 0x000000070b800000, 0x000000070b800000| Untracked 
|  85|0x000000070ba00000, 0x000000070ba00000, 0x000000070bc00000|  0%| F|  |TAMS 0x000000070ba00000, 0x000000070ba00000| Untracked 
|  86|0x000000070bc00000, 0x000000070bc00000, 0x000000070be00000|  0%| F|  |TAMS 0x000000070bc00000, 0x000000070bc00000| Untracked 
|  87|0x000000070be00000, 0x000000070be00000, 0x000000070c000000|  0%| F|  |TAMS 0x000000070be00000, 0x000000070be00000| Untracked 
|  88|0x000000070c000000, 0x000000070c000000, 0x000000070c200000|  0%| F|  |TAMS 0x000000070c000000, 0x000000070c000000| Untracked 
|  89|0x000000070c200000, 0x000000070c200000, 0x000000070c400000|  0%| F|  |TAMS 0x000000070c200000, 0x000000070c200000| Untracked 
|  90|0x000000070c400000, 0x000000070c400000, 0x000000070c600000|  0%| F|  |TAMS 0x000000070c400000, 0x000000070c400000| Untracked 
|  91|0x000000070c600000, 0x000000070c600000, 0x000000070c800000|  0%| F|  |TAMS 0x000000070c600000, 0x000000070c600000| Untracked 
|  92|0x000000070c800000, 0x000000070c800000, 0x000000070ca00000|  0%| F|  |TAMS 0x000000070c800000, 0x000000070c800000| Untracked 
|  93|0x000000070ca00000, 0x000000070ca00000, 0x000000070cc00000|  0%| F|  |TAMS 0x000000070ca00000, 0x000000070ca00000| Untracked 
|  94|0x000000070cc00000, 0x000000070cc00000, 0x000000070ce00000|  0%| F|  |TAMS 0x000000070cc00000, 0x000000070cc00000| Untracked 
|  95|0x000000070ce00000, 0x000000070ce00000, 0x000000070d000000|  0%| F|  |TAMS 0x000000070ce00000, 0x000000070ce00000| Untracked 
|  96|0x000000070d000000, 0x000000070d000000, 0x000000070d200000|  0%| F|  |TAMS 0x000000070d000000, 0x000000070d000000| Untracked 
|  97|0x000000070d200000, 0x000000070d200000, 0x000000070d400000|  0%| F|  |TAMS 0x000000070d200000, 0x000000070d200000| Untracked 
|  98|0x000000070d400000, 0x000000070d400000, 0x000000070d600000|  0%| F|  |TAMS 0x000000070d400000, 0x000000070d400000| Untracked 
|  99|0x000000070d600000, 0x000000070d600000, 0x000000070d800000|  0%| F|  |TAMS 0x000000070d600000, 0x000000070d600000| Untracked 
| 100|0x000000070d800000, 0x000000070d800000, 0x000000070da00000|  0%| F|  |TAMS 0x000000070d800000, 0x000000070d800000| Untracked 
| 101|0x000000070da00000, 0x000000070da00000, 0x000000070dc00000|  0%| F|  |TAMS 0x000000070da00000, 0x000000070da00000| Untracked 
| 102|0x000000070dc00000, 0x000000070dc00000, 0x000000070de00000|  0%| F|  |TAMS 0x000000070dc00000, 0x000000070dc00000| Untracked 
| 103|0x000000070de00000, 0x000000070de00000, 0x000000070e000000|  0%| F|  |TAMS 0x000000070de00000, 0x000000070de00000| Untracked 
| 104|0x000000070e000000, 0x000000070e000000, 0x000000070e200000|  0%| F|  |TAMS 0x000000070e000000, 0x000000070e000000| Untracked 
| 105|0x000000070e200000, 0x000000070e200000, 0x000000070e400000|  0%| F|  |TAMS 0x000000070e200000, 0x000000070e200000| Untracked 
| 106|0x000000070e400000, 0x000000070e400000, 0x000000070e600000|  0%| F|  |TAMS 0x000000070e400000, 0x000000070e400000| Untracked 
| 107|0x000000070e600000, 0x000000070e600000, 0x000000070e800000|  0%| F|  |TAMS 0x000000070e600000, 0x000000070e600000| Untracked 
| 108|0x000000070e800000, 0x000000070e800000, 0x000000070ea00000|  0%| F|  |TAMS 0x000000070e800000, 0x000000070e800000| Untracked 
| 109|0x000000070ea00000, 0x000000070ea00000, 0x000000070ec00000|  0%| F|  |TAMS 0x000000070ea00000, 0x000000070ea00000| Untracked 
| 110|0x000000070ec00000, 0x000000070ec00000, 0x000000070ee00000|  0%| F|  |TAMS 0x000000070ec00000, 0x000000070ec00000| Untracked 
| 111|0x000000070ee00000, 0x000000070ee00000, 0x000000070f000000|  0%| F|  |TAMS 0x000000070ee00000, 0x000000070ee00000| Untracked 
| 112|0x000000070f000000, 0x000000070f000000, 0x000000070f200000|  0%| F|  |TAMS 0x000000070f000000, 0x000000070f000000| Untracked 
| 113|0x000000070f200000, 0x000000070f200000, 0x000000070f400000|  0%| F|  |TAMS 0x000000070f200000, 0x000000070f200000| Untracked 
| 114|0x000000070f400000, 0x000000070f400000, 0x000000070f600000|  0%| F|  |TAMS 0x000000070f400000, 0x000000070f400000| Untracked 
| 115|0x000000070f600000, 0x000000070f600000, 0x000000070f800000|  0%| F|  |TAMS 0x000000070f600000, 0x000000070f600000| Untracked 
| 116|0x000000070f800000, 0x000000070f800000, 0x000000070fa00000|  0%| F|  |TAMS 0x000000070f800000, 0x000000070f800000| Untracked 
| 117|0x000000070fa00000, 0x000000070fa00000, 0x000000070fc00000|  0%| F|  |TAMS 0x000000070fa00000, 0x000000070fa00000| Untracked 
| 118|0x000000070fc00000, 0x000000070fc00000, 0x000000070fe00000|  0%| F|  |TAMS 0x000000070fc00000, 0x000000070fc00000| Untracked 
| 119|0x000000070fe00000, 0x000000070fe00000, 0x0000000710000000|  0%| F|  |TAMS 0x000000070fe00000, 0x000000070fe00000| Untracked 
| 120|0x0000000710000000, 0x0000000710000000, 0x0000000710200000|  0%| F|  |TAMS 0x0000000710000000, 0x0000000710000000| Untracked 
| 121|0x0000000710200000, 0x0000000710200000, 0x0000000710400000|  0%| F|  |TAMS 0x0000000710200000, 0x0000000710200000| Untracked 
| 122|0x0000000710400000, 0x0000000710471258, 0x0000000710600000| 22%| E|  |TAMS 0x0000000710400000, 0x0000000710400000| Complete 
| 123|0x0000000710600000, 0x0000000710800000, 0x0000000710800000|100%| E|CS|TAMS 0x0000000710600000, 0x0000000710600000| Complete 
| 124|0x0000000710800000, 0x0000000710a00000, 0x0000000710a00000|100%| E|CS|TAMS 0x0000000710800000, 0x0000000710800000| Complete 
| 125|0x0000000710a00000, 0x0000000710c00000, 0x0000000710c00000|100%| E|CS|TAMS 0x0000000710a00000, 0x0000000710a00000| Complete 
| 126|0x0000000710c00000, 0x0000000710e00000, 0x0000000710e00000|100%| E|CS|TAMS 0x0000000710c00000, 0x0000000710c00000| Complete 
| 127|0x0000000710e00000, 0x0000000711000000, 0x0000000711000000|100%| E|CS|TAMS 0x0000000710e00000, 0x0000000710e00000| Complete 

Card table byte_map: [0x00000159295a0000,0x0000015929da0000] _byte_map_base: 0x0000015925d98000

Marking Bits (Prev, Next): (CMBitMap*) 0x0000015911fdbbb0, (CMBitMap*) 0x0000015911fdbbf0
 Prev Bits: [0x000001592a5a0000, 0x000001592e560000)
 Next Bits: [0x000001592e560000, 0x0000015932520000)

Polling page: 0x0000015911770000

Metaspace:

Usage:
  Non-class:      7.36 MB used.
      Class:    916.58 KB used.
       Both:      8.25 MB used.

Virtual space:
  Non-class space:        8.00 MB reserved,       7.50 MB ( 94%) committed,  1 nodes.
      Class space:        1.00 GB reserved,       1.00 MB ( <1%) committed,  1 nodes.
             Both:        1.01 GB reserved,       8.50 MB ( <1%) committed. 

Chunk freelists:
   Non-Class:  496.00 KB
       Class:  3.03 MB
        Both:  3.52 MB

MaxMetaspaceSize: unlimited
CompressedClassSpaceSize: 1.00 GB
Initial GC threshold: 21.00 MB
Current GC threshold: 21.00 MB
CDS: on
MetaspaceReclaimPolicy: balanced
 - commit_granule_bytes: 65536.
 - commit_granule_words: 8192.
 - virtual_space_node_default_size: 1048576.
 - enlarge_chunks_in_place: 1.
 - new_chunks_are_fully_committed: 0.
 - uncommit_free_chunks: 1.
 - use_allocation_guard: 0.
 - handle_deallocations: 1.


Internal statistics:

num_allocs_failed_limit: 0.
num_arena_births: 110.
num_arena_deaths: 0.
num_vsnodes_births: 2.
num_vsnodes_deaths: 0.
num_space_committed: 136.
num_space_uncommitted: 0.
num_chunks_returned_to_freelist: 0.
num_chunks_taken_from_freelist: 164.
num_chunk_merges: 0.
num_chunk_splits: 90.
num_chunks_enlarged: 30.
num_purges: 0.
num_inconsistent_stats: 0.

CodeHeap 'non-profiled nmethods': size=120000Kb used=365Kb max_used=365Kb free=119634Kb
 bounds [0x0000015921530000, 0x00000159217a0000, 0x0000015928a60000]
CodeHeap 'profiled nmethods': size=120000Kb used=2570Kb max_used=2570Kb free=117429Kb
 bounds [0x000001591a000000, 0x000001591a290000, 0x0000015921530000]
CodeHeap 'non-nmethods': size=5760Kb used=1257Kb max_used=1271Kb free=4502Kb
 bounds [0x0000015919a60000, 0x0000015919cd0000, 0x000001591a000000]
 total_blobs=1992 nmethods=1412 adapters=493
 compilation: enabled
              stopped_count=0, restarted_count=0
 full_count=0

Compilation events (20 events):
Event: 17.813 Thread 0x0000015934f668d0 nmethod 1402 0x0000015921589d10 code [0x0000015921589e80, 0x0000015921589ff8]
Event: 18.095 Thread 0x0000015934f67370 1403       1       sun.java2d.SurfaceData::getNativeOps (5 bytes)
Event: 18.095 Thread 0x0000015934f67370 nmethod 1403 0x000001592158a110 code [0x000001592158a2a0, 0x000001592158a378]
Event: 20.007 Thread 0x0000015934f67370 1404       3       java.util.ArrayList::toArray (57 bytes)
Event: 20.007 Thread 0x0000015934f67370 nmethod 1404 0x000001591a281810 code [0x000001591a2819e0, 0x000001591a281f78]
Event: 23.927 Thread 0x0000015934f67370 1406       3       sun.java2d.d3d.D3DSurfaceData$D3DWindowSurfaceData::isDirty (18 bytes)
Event: 23.927 Thread 0x0000015934f67370 nmethod 1406 0x000001591a282090 code [0x000001591a282240, 0x000001591a282468]
Event: 23.928 Thread 0x0000015934f67370 1407       3       sun.java2d.StateTrackableDelegate$1::isCurrent (17 bytes)
Event: 23.928 Thread 0x0000015934f67370 nmethod 1407 0x000001591a282510 code [0x000001591a2826a0, 0x000001591a282818]
Event: 29.418 Thread 0x0000015934f668d0 1408       4       java.awt.event.InputEvent::consume (6 bytes)
Event: 29.418 Thread 0x0000015934f668d0 nmethod 1408 0x000001592158a810 code [0x000001592158a980, 0x000001592158a9f8]
Event: 29.434 Thread 0x0000015934f668d0 1409       4       jdk.internal.misc.Unsafe::putIntOpaque (9 bytes)
Event: 29.434 Thread 0x0000015934f668d0 nmethod 1409 0x000001592158ab10 code [0x000001592158ac80, 0x000001592158ad18]
Event: 29.442 Thread 0x0000015934f668d0 1410       4       java.util.concurrent.locks.AbstractQueuedSynchronizer$Node::setPrevRelaxed (12 bytes)
Event: 29.443 Thread 0x0000015934f668d0 nmethod 1410 0x000001592158ae10 code [0x000001592158af80, 0x000001592158b0b8]
Event: 29.443 Thread 0x0000015934f668d0 1411       4       java.util.concurrent.locks.AbstractQueuedSynchronizer::casTail (13 bytes)
Event: 29.443 Thread 0x0000015934f668d0 nmethod 1411 0x000001592158b110 code [0x000001592158b280, 0x000001592158b3d8]
Event: 29.474 Thread 0x0000015934f668d0 1412       4       java.util.concurrent.locks.AbstractQueuedSynchronizer$Node::setStatusRelaxed (12 bytes)
Event: 29.474 Thread 0x0000015934f668d0 nmethod 1412 0x000001592158b490 code [0x000001592158b600, 0x000001592158b678]
Event: 29.810 Thread 0x0000015934f668d0 1413       4       java.awt.Container::getMouseEventTarget (50 bytes)

GC Heap History (0 events):
No events

Deoptimization events (10 events):
Event: 0.433 Thread 0x0000015911f8a7b0 DEOPT PACKING pc=0x000001591a01bb67 sp=0x00000017a86fdef0
Event: 0.433 Thread 0x0000015911f8a7b0 DEOPT UNPACKING pc=0x0000015919ab2b43 sp=0x00000017a86fd310 mode 0
Event: 0.515 Thread 0x0000015936f5e440 Uncommon trap: trap_request=0xffffff45 fr.pc=0x000001592155a244 relative=0x0000000000000484
Event: 0.515 Thread 0x0000015936f5e440 Uncommon trap: reason=unstable_if action=reinterpret pc=0x000001592155a244 method=java.lang.StringLatin1.toLowerCase(Ljava/lang/String;[BLjava/util/Locale;)Ljava/lang/String; @ 43 c2
Event: 0.515 Thread 0x0000015936f5e440 DEOPT PACKING pc=0x000001592155a244 sp=0x00000017a9efdb10
Event: 0.515 Thread 0x0000015936f5e440 DEOPT UNPACKING pc=0x0000015919ab23a3 sp=0x00000017a9efda80 mode 2
Event: 9.759 Thread 0x0000015935c8b970 Uncommon trap: trap_request=0xffffff45 fr.pc=0x000001592157a95c relative=0x00000000000001bc
Event: 9.759 Thread 0x0000015935c8b970 Uncommon trap: reason=unstable_if action=reinterpret pc=0x000001592157a95c method=java.util.concurrent.locks.AbstractQueuedSynchronizer.signalNext(Ljava/util/concurrent/locks/AbstractQueuedSynchronizer$Node;)V @ 17 c2
Event: 9.759 Thread 0x0000015935c8b970 DEOPT PACKING pc=0x000001592157a95c sp=0x00000017a9bfe180
Event: 9.759 Thread 0x0000015935c8b970 DEOPT UNPACKING pc=0x0000015919ab23a3 sp=0x00000017a9bfe078 mode 2

Classes unloaded (0 events):
No events

Classes redefined (0 events):
No events

Internal exceptions (12 events):
Event: 0.073 Thread 0x0000015911f8a7b0 Exception <a 'java/lang/ClassNotFoundException'{0x0000000710fbe200}: sun/awt/resources/spi/awtProvider> (0x0000000710fbe200) 
thrown [e:\jenkins\tmp\workspace\build\src\src\hotspot\share\classfile\systemDictionary.cpp, line 256]
Event: 0.097 Thread 0x0000015911f8a7b0 Exception <a 'java/io/FileNotFoundException'{0x0000000710c178b8}> (0x0000000710c178b8) 
thrown [e:\jenkins\tmp\workspace\build\src\src\hotspot\share\prims\jni.cpp, line 516]
Event: 0.103 Thread 0x0000015911f8a7b0 Exception <a 'java/io/FileNotFoundException'{0x0000000710c44880}> (0x0000000710c44880) 
thrown [e:\jenkins\tmp\workspace\build\src\src\hotspot\share\prims\jni.cpp, line 516]
Event: 0.131 Thread 0x0000015911f8a7b0 Exception <a 'java/lang/NoSuchMethodError'{0x0000000710c8ffa0}: 'java.lang.Object java.lang.invoke.DirectMethodHandle$Holder.invokeStaticInit(java.lang.Object)'> (0x0000000710c8ffa0) 
thrown [e:\jenkins\tmp\workspace\build\src\src\hotspot\share\interpreter\linkResolver.cpp, line 766]
Event: 0.269 Thread 0x0000015911f8a7b0 Exception <a 'java/lang/NoSuchMethodError'{0x0000000710cdacf0}: 'void java.lang.invoke.DirectMethodHandle$Holder.invokeSpecial(java.lang.Object, java.lang.Object, java.lang.Object)'> (0x0000000710cdacf0) 
thrown [e:\jenkins\tmp\workspace\build\src\src\hotspot\share\interpreter\linkResolver.cpp, line 766]
Event: 0.275 Thread 0x0000015911f8a7b0 Exception <a 'java/lang/NoSuchMethodError'{0x0000000710d75a98}: 'java.lang.Object java.lang.invoke.DirectMethodHandle$Holder.newInvokeSpecial(java.lang.Object, java.lang.Object, java.lang.Object, java.lang.Object, java.lang.Object)'> (0x0000000710d75a98) 
thrown [e:\jenkins\tmp\workspace\build\src\src\hotspot\share\interpreter\linkResolver.cpp, line 766]
Event: 0.277 Thread 0x0000015911f8a7b0 Exception <a 'java/lang/NoSuchMethodError'{0x0000000710d81460}: 'java.lang.Object java.lang.invoke.DirectMethodHandle$Holder.invokeStatic(java.lang.Object, int, java.lang.Object, java.lang.Object, java.lang.Object, java.lang.Object)'> (0x0000000710d81460) 
thrown [e:\jenkins\tmp\workspace\build\src\src\hotspot\share\interpreter\linkResolver.cpp, line 766]
Event: 0.279 Thread 0x0000015911f8a7b0 Exception <a 'java/lang/NoSuchMethodError'{0x0000000710da6c20}: 'java.lang.Object java.lang.invoke.DirectMethodHandle$Holder.invokeStatic(java.lang.Object, int, java.lang.Object)'> (0x0000000710da6c20) 
thrown [e:\jenkins\tmp\workspace\build\src\src\hotspot\share\interpreter\linkResolver.cpp, line 766]
Event: 0.295 Thread 0x0000015911f8a7b0 Exception <a 'java/lang/ClassNotFoundException'{0x0000000710a5ea38}: com/sun/swing/internal/plaf/metal/resources/spi/metalProvider> (0x0000000710a5ea38) 
thrown [e:\jenkins\tmp\workspace\build\src\src\hotspot\share\classfile\systemDictionary.cpp, line 256]
Event: 0.296 Thread 0x0000015911f8a7b0 Exception <a 'java/lang/ClassNotFoundException'{0x0000000710a63460}: com/sun/swing/internal/plaf/basic/resources/spi/basicProvider> (0x0000000710a63460) 
thrown [e:\jenkins\tmp\workspace\build\src\src\hotspot\share\classfile\systemDictionary.cpp, line 256]
Event: 0.373 Thread 0x0000015911f8a7b0 Exception <a 'java/lang/NoSuchMethodError'{0x0000000710b71c20}: 'void java.lang.invoke.DirectMethodHandle$Holder.invokeStaticInit(java.lang.Object)'> (0x0000000710b71c20) 
thrown [e:\jenkins\tmp\workspace\build\src\src\hotspot\share\interpreter\linkResolver.cpp, line 766]
Event: 0.417 Thread 0x0000015935c8b970 Exception <a 'java/lang/NoSuchMethodError'{0x0000000710cf20f0}: 'void java.lang.invoke.DirectMethodHandle$Holder.invokeVirtual(java.lang.Object, java.lang.Object)'> (0x0000000710cf20f0) 
thrown [e:\jenkins\tmp\workspace\build\src\src\hotspot\share\interpreter\linkResolver.cpp, line 766]

VM Operations (20 events):
Event: 9.236 Executing VM operation: Cleanup
Event: 9.237 Executing VM operation: Cleanup done
Event: 10.237 Executing VM operation: Cleanup
Event: 10.237 Executing VM operation: Cleanup done
Event: 11.238 Executing VM operation: Cleanup
Event: 11.238 Executing VM operation: Cleanup done
Event: 13.239 Executing VM operation: Cleanup
Event: 13.239 Executing VM operation: Cleanup done
Event: 14.240 Executing VM operation: Cleanup
Event: 14.240 Executing VM operation: Cleanup done
Event: 15.240 Executing VM operation: Cleanup
Event: 15.241 Executing VM operation: Cleanup done
Event: 16.241 Executing VM operation: Cleanup
Event: 16.241 Executing VM operation: Cleanup done
Event: 17.242 Executing VM operation: Cleanup
Event: 17.242 Executing VM operation: Cleanup done
Event: 18.242 Executing VM operation: Cleanup
Event: 18.242 Executing VM operation: Cleanup done
Event: 29.248 Executing VM operation: Cleanup
Event: 29.248 Executing VM operation: Cleanup done

Events (20 events):
Event: 17.736 loading class sun/java2d/loops/ProcessPath$FillData
Event: 17.736 loading class sun/java2d/loops/ProcessPath$FillData done
Event: 17.736 loading class java/awt/geom/Path2D$Float$CopyIterator
Event: 17.736 loading class java/awt/geom/Path2D$Iterator
Event: 17.736 loading class java/awt/geom/Path2D$Iterator done
Event: 17.736 loading class java/awt/geom/Path2D$Float$CopyIterator done
Event: 17.736 loading class sun/java2d/loops/ProcessPath$Point
Event: 17.736 loading class sun/java2d/loops/ProcessPath$Point done
Event: 17.736 loading class sun/java2d/loops/ProcessPath$ActiveEdgeList
Event: 17.736 loading class sun/java2d/loops/ProcessPath$ActiveEdgeList done
Event: 17.736 loading class sun/java2d/loops/ProcessPath$Edge
Event: 17.736 loading class sun/java2d/loops/ProcessPath$Edge done
Event: 17.809 loading class javax/swing/Autoscroller
Event: 17.809 loading class javax/swing/Autoscroller done
Event: 17.809 loading class java/awt/Desktop
Event: 17.810 loading class java/awt/Desktop done
Event: 17.812 loading class java/awt/Desktop$Action
Event: 17.812 loading class java/awt/Desktop$Action done
Event: 17.812 loading class sun/awt/windows/WDesktopPeer$1
Event: 17.812 loading class sun/awt/windows/WDesktopPeer$1 done


Dynamic libraries:
0x00007ff682a30000 - 0x00007ff682a3e000 	C:\Users\PC\AppData\Local\Programs\Eclipse Adoptium\jdk-17.0.2.8-hotspot\bin\javaw.exe
0x00007ffbb5b90000 - 0x00007ffbb5d88000 	C:\Windows\SYSTEM32\ntdll.dll
0x00007ffbb5a90000 - 0x00007ffbb5b4f000 	C:\Windows\System32\KERNEL32.DLL
0x00007ffbb37a0000 - 0x00007ffbb3a72000 	C:\Windows\System32\KERNELBASE.dll
0x00007ffbb35e0000 - 0x00007ffbb36e0000 	C:\Windows\System32\ucrtbase.dll
0x00007ffbad310000 - 0x00007ffbad328000 	C:\Users\PC\AppData\Local\Programs\Eclipse Adoptium\jdk-17.0.2.8-hotspot\bin\jli.dll
0x00007ffbac010000 - 0x00007ffbac029000 	C:\Users\PC\AppData\Local\Programs\Eclipse Adoptium\jdk-17.0.2.8-hotspot\bin\VCRUNTIME140.dll
0x00007ffbb41b0000 - 0x00007ffbb434d000 	C:\Windows\System32\USER32.dll
0x00007ffba57e0000 - 0x00007ffba5a7a000 	C:\Windows\WinSxS\amd64_microsoft.windows.common-controls_6595b64144ccf1df_6.0.19041.1110_none_60b5254171f9507e\COMCTL32.dll
0x00007ffbb3290000 - 0x00007ffbb32b2000 	C:\Windows\System32\win32u.dll
0x00007ffbb3d00000 - 0x00007ffbb3d9e000 	C:\Windows\System32\msvcrt.dll
0x00007ffbb5130000 - 0x00007ffbb515b000 	C:\Windows\System32\GDI32.dll
0x00007ffbb3a80000 - 0x00007ffbb3b8f000 	C:\Windows\System32\gdi32full.dll
0x00007ffbb3540000 - 0x00007ffbb35dd000 	C:\Windows\System32\msvcp_win.dll
0x00007ffbb4040000 - 0x00007ffbb4072000 	C:\Windows\System32\IMM32.DLL
0x00007ffbac3e0000 - 0x00007ffbac3ec000 	C:\Users\PC\AppData\Local\Programs\Eclipse Adoptium\jdk-17.0.2.8-hotspot\bin\vcruntime140_1.dll
0x00007ffba0a20000 - 0x00007ffba0ab1000 	C:\Users\PC\AppData\Local\Programs\Eclipse Adoptium\jdk-17.0.2.8-hotspot\bin\msvcp140.dll
0x00007ffb79a10000 - 0x00007ffb7a657000 	C:\Users\PC\AppData\Local\Programs\Eclipse Adoptium\jdk-17.0.2.8-hotspot\bin\server\jvm.dll
0x00007ffbb3f30000 - 0x00007ffbb3fde000 	C:\Windows\System32\ADVAPI32.dll
0x00007ffbb5340000 - 0x00007ffbb53dc000 	C:\Windows\System32\sechost.dll
0x00007ffbb4350000 - 0x00007ffbb4475000 	C:\Windows\System32\RPCRT4.dll
0x00007ffbb4640000 - 0x00007ffbb4648000 	C:\Windows\System32\PSAPI.DLL
0x00007ffba5b60000 - 0x00007ffba5b87000 	C:\Windows\SYSTEM32\WINMM.dll
0x00007ffbae0a0000 - 0x00007ffbae0aa000 	C:\Windows\SYSTEM32\VERSION.dll
0x00007ffbac260000 - 0x00007ffbac269000 	C:\Windows\SYSTEM32\WSOCK32.dll
0x00007ffbb4140000 - 0x00007ffbb41ab000 	C:\Windows\System32\WS2_32.dll
0x00007ffbb1170000 - 0x00007ffbb1182000 	C:\Windows\SYSTEM32\kernel.appcore.dll
0x00007ffbac0f0000 - 0x00007ffbac0fa000 	C:\Users\PC\AppData\Local\Programs\Eclipse Adoptium\jdk-17.0.2.8-hotspot\bin\jimage.dll
0x00007ffbad4c0000 - 0x00007ffbad6a4000 	C:\Windows\SYSTEM32\DBGHELP.DLL
0x00007ffbad460000 - 0x00007ffbad48c000 	C:\Windows\SYSTEM32\dbgcore.DLL
0x00007ffbb3710000 - 0x00007ffbb3792000 	C:\Windows\System32\bcryptPrimitives.dll
0x00007ffba5680000 - 0x00007ffba56a5000 	C:\Users\PC\AppData\Local\Programs\Eclipse Adoptium\jdk-17.0.2.8-hotspot\bin\java.dll
0x00007ffb87df0000 - 0x00007ffb87ec6000 	C:\Users\PC\AppData\Local\Programs\Eclipse Adoptium\jdk-17.0.2.8-hotspot\bin\jsvml.dll
0x00007ffbb4670000 - 0x00007ffbb4db3000 	C:\Windows\System32\SHELL32.dll
0x00007ffbb1370000 - 0x00007ffbb1b02000 	C:\Windows\SYSTEM32\windows.storage.dll
0x00007ffbb4dc0000 - 0x00007ffbb5114000 	C:\Windows\System32\combase.dll
0x00007ffbb2cf0000 - 0x00007ffbb2d20000 	C:\Windows\SYSTEM32\Wldp.dll
0x00007ffbb3da0000 - 0x00007ffbb3e4d000 	C:\Windows\System32\SHCORE.dll
0x00007ffbb5230000 - 0x00007ffbb5285000 	C:\Windows\System32\shlwapi.dll
0x00007ffbb31d0000 - 0x00007ffbb31ef000 	C:\Windows\SYSTEM32\profapi.dll
0x00007ffbabff0000 - 0x00007ffbac009000 	C:\Users\PC\AppData\Local\Programs\Eclipse Adoptium\jdk-17.0.2.8-hotspot\bin\net.dll
0x00007ffbad1a0000 - 0x00007ffbad2ac000 	C:\Windows\SYSTEM32\WINHTTP.dll
0x00007ffbb2a50000 - 0x00007ffbb2aba000 	C:\Windows\system32\mswsock.dll
0x00007ffba4990000 - 0x00007ffba49a5000 	C:\Users\PC\AppData\Local\Programs\Eclipse Adoptium\jdk-17.0.2.8-hotspot\bin\nio.dll
0x00007ffba2bc0000 - 0x00007ffba2bd8000 	C:\Users\PC\AppData\Local\Programs\Eclipse Adoptium\jdk-17.0.2.8-hotspot\bin\zip.dll
0x00007ffb81e00000 - 0x00007ffb81f8e000 	C:\Users\PC\AppData\Local\Programs\Eclipse Adoptium\jdk-17.0.2.8-hotspot\bin\awt.dll
0x00007ffbb5160000 - 0x00007ffbb522d000 	C:\Windows\System32\OLEAUT32.dll
0x00007ffbb03a0000 - 0x00007ffbb0431000 	C:\Windows\SYSTEM32\apphelp.dll
0x00007ffbb0f90000 - 0x00007ffbb0fbf000 	C:\Windows\system32\DWMAPI.DLL
0x00007ffbb0ca0000 - 0x00007ffbb0d3e000 	C:\Windows\system32\uxtheme.dll
0x00007ffb85bc0000 - 0x00007ffb85ce5000 	C:\Windows\system32\opengl32.dll
0x00007ffbabcb0000 - 0x00007ffbabcdc000 	C:\Windows\SYSTEM32\GLU32.dll
0x00007ffbb3be0000 - 0x00007ffbb3cf5000 	C:\Windows\System32\MSCTF.dll
0x00007ffbb53e0000 - 0x00007ffbb550a000 	C:\Windows\System32\ole32.dll
0x00007ffb98b30000 - 0x00007ffb98cff000 	C:\Windows\system32\d3d9.dll
0x00007ffb996d0000 - 0x00007ffb997e7000 	C:\Windows\System32\DriverStore\FileRepository\nv_dispig.inf_amd64_ee20464bb4ac57f4\nvldumdx.dll
0x00007ffbb2e80000 - 0x00007ffbb2e92000 	C:\Windows\SYSTEM32\msasn1.dll
0x00007ffbadf60000 - 0x00007ffbadf91000 	C:\Windows\SYSTEM32\cryptnet.dll
0x00007ffbb32c0000 - 0x00007ffbb3416000 	C:\Windows\System32\CRYPT32.dll
0x00007ffbadbd0000 - 0x00007ffbadd18000 	C:\Windows\SYSTEM32\drvstore.dll
0x00007ffbb3040000 - 0x00007ffbb306c000 	C:\Windows\SYSTEM32\devobj.dll
0x00007ffbb3b90000 - 0x00007ffbb3bde000 	C:\Windows\System32\cfgmgr32.dll
0x00007ffbb2c40000 - 0x00007ffbb2c4c000 	C:\Windows\SYSTEM32\cryptbase.dll
0x00007ffbb3420000 - 0x00007ffbb348a000 	C:\Windows\System32\WINTRUST.DLL
0x00007ffbb4650000 - 0x00007ffbb466d000 	C:\Windows\System32\imagehlp.dll
0x00007ffbb2c50000 - 0x00007ffbb2c68000 	C:\Windows\SYSTEM32\CRYPTSP.dll
0x00007ffbb2300000 - 0x00007ffbb2334000 	C:\Windows\system32\rsaenh.dll
0x00007ffbb36e0000 - 0x00007ffbb3707000 	C:\Windows\System32\bcrypt.dll
0x00007ffb5c110000 - 0x00007ffb5d91a000 	C:\Windows\System32\DriverStore\FileRepository\nv_dispig.inf_amd64_ee20464bb4ac57f4\nvd3dumx.dll
0x00007ffbb1b20000 - 0x00007ffbb1b43000 	C:\Windows\SYSTEM32\gpapi.dll
0x00007ffb9ea70000 - 0x00007ffb9eaab000 	C:\Windows\SYSTEM32\dxcore.dll
0x00007ffbabe90000 - 0x00007ffbabea0000 	C:\Users\PC\AppData\Local\Programs\Eclipse Adoptium\jdk-17.0.2.8-hotspot\bin\verify.dll
0x00007ffba10a0000 - 0x00007ffba1129000 	C:\Users\PC\AppData\Local\Programs\Eclipse Adoptium\jdk-17.0.2.8-hotspot\bin\freetype.dll
0x00007ffb985d0000 - 0x00007ffb98678000 	C:\Users\PC\AppData\Local\Programs\Eclipse Adoptium\jdk-17.0.2.8-hotspot\bin\fontmanager.dll
0x00007ffba0f30000 - 0x00007ffba1029000 	C:\Windows\SYSTEM32\textinputframework.dll
0x00007ffbafc30000 - 0x00007ffbaff8e000 	C:\Windows\System32\CoreUIComponents.dll
0x00007ffbaff90000 - 0x00007ffbb0082000 	C:\Windows\System32\CoreMessaging.dll
0x00007ffbb01c0000 - 0x00007ffbb0314000 	C:\Windows\SYSTEM32\wintypes.dll
0x00007ffbb2420000 - 0x00007ffbb2453000 	C:\Windows\SYSTEM32\ntmarta.dll
0x00007ffbb26f0000 - 0x00007ffbb272b000 	C:\Windows\SYSTEM32\IPHLPAPI.DLL
0x00007ffbae4d0000 - 0x00007ffbae4db000 	C:\Windows\SYSTEM32\WINNSI.DLL
0x00007ffbb4480000 - 0x00007ffbb4488000 	C:\Windows\System32\NSI.dll
0x00007ffbb0820000 - 0x00007ffbb0834000 	C:\Windows\system32\Wtsapi32.dll
0x00007ffbb1f90000 - 0x00007ffbb1ff4000 	C:\Windows\SYSTEM32\WINSTA.dll
0x00007ffbab150000 - 0x00007ffbab246000 	C:\Windows\SYSTEM32\PROPSYS.dll
0x00007ffba7650000 - 0x00007ffba783d000 	C:\Windows\SYSTEM32\urlmon.dll
0x00007ffba6f00000 - 0x00007ffba71b1000 	C:\Windows\SYSTEM32\iertutil.dll
0x00007ffba7310000 - 0x00007ffba7338000 	C:\Windows\SYSTEM32\srvcli.dll
0x00007ffbb2800000 - 0x00007ffbb280c000 	C:\Windows\SYSTEM32\netutils.dll
0x00007ffbb5290000 - 0x00007ffbb533f000 	C:\Windows\System32\clbcatq.dll
0x00007ffb941b0000 - 0x00007ffb941cd000 	C:\Windows\System32\Windows.Shell.ServiceHostBuilder.dll
0x00007ffba61d0000 - 0x00007ffba699b000 	C:\Windows\System32\OneCoreUAPCommonProxyStub.dll
0x00007ffba1ad0000 - 0x00007ffba1c16000 	C:\Windows\System32\Windows.StateRepositoryPS.dll
0x00007ffb8fbf0000 - 0x00007ffb8fc14000 	C:\Windows\SYSTEM32\edputil.dll
0x00007ffba4930000 - 0x00007ffba493c000 	C:\Windows\SYSTEM32\Secur32.dll
0x00007ffbb3150000 - 0x00007ffbb3182000 	C:\Windows\SYSTEM32\SSPICLI.DLL
0x00007ffb8e280000 - 0x00007ffb8e2c2000 	C:\Windows\SYSTEM32\MLANG.dll
0x00007ffba8420000 - 0x00007ffba88f9000 	C:\Windows\SYSTEM32\WININET.dll
0x00007ffba1130000 - 0x00007ffba117c000 	C:\Windows\System32\Windows.UI.AppDefaults.dll
0x00007ffbae220000 - 0x00007ffbae2c0000 	C:\Windows\SYSTEM32\policymanager.dll
0x00007ffbb2390000 - 0x00007ffbb241a000 	C:\Windows\SYSTEM32\msvcp110_win.dll
0x00007ffb99a80000 - 0x00007ffb99aff000 	C:\Windows\System32\OneCoreCommonProxyStub.dll

dbghelp: loaded successfully - version: 4.0.5 - missing functions: none
symbol engine: initialized successfully - sym options: 0x614 - pdb path: .;C:\Users\PC\AppData\Local\Programs\Eclipse Adoptium\jdk-17.0.2.8-hotspot\bin;C:\Windows\SYSTEM32;C:\Windows\WinSxS\amd64_microsoft.windows.common-controls_6595b64144ccf1df_6.0.19041.1110_none_60b5254171f9507e;C:\Users\PC\AppData\Local\Programs\Eclipse Adoptium\jdk-17.0.2.8-hotspot\bin\server;C:\Windows\System32\DriverStore\FileRepository\nv_dispig.inf_amd64_ee20464bb4ac57f4

VM Arguments:
java_command: C:\Users\PC\Downloads\Emma\Java\Nueva carpeta\Paneles\Paneles.jar
java_class_path (initial): C:\Users\PC\Downloads\Emma\Java\Nueva carpeta\Paneles\Paneles.jar
Launcher Type: SUN_STANDARD

[Global flags]
     intx CICompilerCount                          = 4                                         {product} {ergonomic}
     uint ConcGCThreads                            = 2                                         {product} {ergonomic}
     uint G1ConcRefinementThreads                  = 8                                         {product} {ergonomic}
   size_t G1HeapRegionSize                         = 2097152                                   {product} {ergonomic}
    uintx GCDrainStackTargetSize                   = 64                                        {product} {ergonomic}
   size_t InitialHeapSize                          = 268435456                                 {product} {ergonomic}
   size_t MarkStackSize                            = 4194304                                   {product} {ergonomic}
   size_t MaxHeapSize                              = 4278190080                                {product} {ergonomic}
   size_t MaxNewSize                               = 2566914048                                {product} {ergonomic}
   size_t MinHeapDeltaBytes                        = 2097152                                   {product} {ergonomic}
   size_t MinHeapSize                              = 8388608                                   {product} {ergonomic}
    uintx NonNMethodCodeHeapSize                   = 5839372                                {pd product} {ergonomic}
    uintx NonProfiledCodeHeapSize                  = 122909434                              {pd product} {ergonomic}
    uintx ProfiledCodeHeapSize                     = 122909434                              {pd product} {ergonomic}
    uintx ReservedCodeCacheSize                    = 251658240                              {pd product} {ergonomic}
     bool SegmentedCodeCache                       = true                                      {product} {ergonomic}
   size_t SoftMaxHeapSize                          = 4278190080                             {manageable} {ergonomic}
     bool UseCompressedClassPointers               = true                           {product lp64_product} {ergonomic}
     bool UseCompressedOops                        = true                           {product lp64_product} {ergonomic}
     bool UseG1GC                                  = true                                      {product} {ergonomic}
     bool UseLargePagesIndividualAllocation        = false                                  {pd product} {ergonomic}

Logging:
Log output configuration:
 #0: stdout all=warning uptime,level,tags
 #1: stderr all=off uptime,level,tags

Environment Variables:
JAVA_HOME=C:\Users\PC\AppData\Local\Programs\Eclipse Adoptium\jdk-17.0.2.8-hotspot\
PATH=C:\Windows\system32;C:\Windows;C:\Windows\System32\Wbem;C:\Windows\System32\WindowsPowerShell\v1.0\;C:\Windows\System32\OpenSSH\;C:\Program Files\PuTTY\;C:\Users\PC\AppData\Local\Programs\Python\Python310\Scripts\;C:\Users\PC\AppData\Local\Programs\Python\Python310\;C:\Users\PC\AppData\Local\Programs\Eclipse Adoptium\jdk-17.0.2.8-hotspot\bin;C:\Users\PC\AppData\Local\Microsoft\WindowsApps;;C:\Users\PC\AppData\Local\Programs\Microsoft VS Code\bin;C:\Users\PC\AppData\Local\Programs\oh-my-posh\bin
USERNAME=PC
OS=Windows_NT
PROCESSOR_IDENTIFIER=AMD64 Family 23 Model 113 Stepping 0, AuthenticAMD



---------------  S Y S T E M  ---------------

OS:
 Windows 10 , 64 bit Build 19041 (10.0.19041.2251)
OS uptime: 12 days 19:33 hours

CPU: total 8 (initial active 8) (8 cores per cpu, 2 threads per core) family 23 model 113 stepping 0 microcode 0x0, cx8, cmov, fxsr, ht, mmx, 3dnowpref, sse, sse2, sse3, ssse3, sse4a, sse4.1, sse4.2, popcnt, lzcnt, tsc, tscinvbit, avx, avx2, aes, clmul, bmi1, bmi2, adx, sha, fma, vzeroupper, clflush, clflushopt

Memory: 4k page, system-wide physical 16315M (8605M free)
TotalPageFile size 44852M (AvailPageFile size 4M)
current process WorkingSet (physical memory assigned to process): 96M, peak: 98M
current process commit charge ("private bytes"): 404M, peak: 408M

vm_info: OpenJDK 64-Bit Server VM (17.0.2+8) for windows-amd64 JRE (17.0.2+8), built on Jan 20 2022 04:52:34 by "" with MS VC++ 16.7 (VS2019)

END.
