#
# There is insufficient memory for the Java Runtime Environment to continue.
# Native memory allocation (malloc) failed to allocate 268576 bytes for Chunk::new
# Possible reasons:
#   The system is out of physical RAM or swap space
#   The process is running with CompressedOops enabled, and the Java Heap may be blocking the growth of the native heap
# Possible solutions:
#   Reduce memory load on the system
#   Increase physical memory or swap space
#   Check if swap backing store is full
#   Decrease Java heap size (-Xmx/-Xms)
#   Decrease number of Java threads
#   Decrease Java thread stack sizes (-Xss)
#   Set larger code cache with -XX:ReservedCodeCacheSize=
#   JVM is running with Zero Based Compressed Oops mode in which the Java heap is
#     placed in the first 32GB address space. The Java Heap base address is the
#     maximum limit for the native heap growth. Please use -XX:HeapBaseMinAddress
#     to set the Java Heap base and to place the Java Heap above 32GB virtual address.
# This output file may be truncated or incomplete.
#
#  Out of Memory Error (arena.cpp:189), pid=5152, tid=3520
#
# JRE version: OpenJDK Runtime Environment Temurin-17.0.2+8 (17.0.2+8) (build 17.0.2+8)
# Java VM: OpenJDK 64-Bit Server VM Temurin-17.0.2+8 (17.0.2+8, mixed mode, sharing, tiered, compressed oops, compressed class ptrs, g1 gc, windows-amd64)
# No core dump will be written. Minidumps are not enabled by default on client versions of Windows
#

---------------  S U M M A R Y ------------

Command Line: C:\Users\PC\Downloads\Emma\Java\Nueva carpeta\Paneles\Paneles.jar

Host: AMD Ryzen 3 3100 4-Core Processor              , 8 cores, 15G,  Windows 10 , 64 bit Build 19041 (10.0.19041.2251)
Time: Fri Nov 25 03:20:02 2022 Hora estándar de Argentina elapsed time: 204032.591837 seconds (2d 8h 40m 32s)

---------------  T H R E A D  ---------------

Current thread (0x000002b3644af530):  JavaThread "C2 CompilerThread0" daemon [_thread_in_native, id=3520, stack(0x000000f56d500000,0x000000f56d600000)]


Current CompileTask:
C2:204032591 3066       4       java.beans.PropertyChangeSupport::firePropertyChange (35 bytes)

Stack: [0x000000f56d500000,0x000000f56d600000]
Native frames: (J=compiled Java code, j=interpreted, Vv=VM code, C=native code)
V  [jvm.dll+0x67564a]
V  [jvm.dll+0x82fc04]
V  [jvm.dll+0x8313ae]
V  [jvm.dll+0x831a13]
V  [jvm.dll+0x245235]
V  [jvm.dll+0xabd7b]
V  [jvm.dll+0xac30c]
V  [jvm.dll+0x2ac33f]
V  [jvm.dll+0x57c559]
V  [jvm.dll+0x2202ed]
V  [jvm.dll+0x219cc4]
V  [jvm.dll+0x2173eb]
V  [jvm.dll+0x1a3a8d]
V  [jvm.dll+0x226ef8]
V  [jvm.dll+0x22503c]
V  [jvm.dll+0x7e596b]
V  [jvm.dll+0x7dff2a]
V  [jvm.dll+0x6744d5]
C  [ucrtbase.dll+0x21bb2]
C  [KERNEL32.DLL+0x174b4]
C  [ntdll.dll+0x526a1]


---------------  P R O C E S S  ---------------

Threads class SMR info:
_java_thread_list=0x000002b3664b3130, length=18, elements={
0x000002b3644603c0, 0x000002b364461850, 0x000002b36447a740, 0x000002b36447d200,
0x000002b36447f310, 0x000002b364483930, 0x000002b3644af530, 0x000002b3644b3ef0,
0x000002b3644bd7e0, 0x000002b365121420, 0x000002b365126190, 0x000002b365384f10,
0x000002b365387ea0, 0x000002b36538f260, 0x000002b3665d9f90, 0x000002b366623d00,
0x000002b341499620, 0x000002b366680f00
}

Java Threads: ( => current thread )
  0x000002b3644603c0 JavaThread "Reference Handler" daemon [_thread_blocked, id=3784, stack(0x000000f56cf00000,0x000000f56d000000)]
  0x000002b364461850 JavaThread "Finalizer" daemon [_thread_blocked, id=1060, stack(0x000000f56d000000,0x000000f56d100000)]
  0x000002b36447a740 JavaThread "Signal Dispatcher" daemon [_thread_blocked, id=10460, stack(0x000000f56d100000,0x000000f56d200000)]
  0x000002b36447d200 JavaThread "Attach Listener" daemon [_thread_blocked, id=6328, stack(0x000000f56d200000,0x000000f56d300000)]
  0x000002b36447f310 JavaThread "Service Thread" daemon [_thread_blocked, id=1308, stack(0x000000f56d300000,0x000000f56d400000)]
  0x000002b364483930 JavaThread "Monitor Deflation Thread" daemon [_thread_blocked, id=16432, stack(0x000000f56d400000,0x000000f56d500000)]
=>0x000002b3644af530 JavaThread "C2 CompilerThread0" daemon [_thread_in_native, id=3520, stack(0x000000f56d500000,0x000000f56d600000)]
  0x000002b3644b3ef0 JavaThread "C1 CompilerThread0" daemon [_thread_blocked, id=15284, stack(0x000000f56d600000,0x000000f56d700000)]
  0x000002b3644bd7e0 JavaThread "Sweeper thread" daemon [_thread_blocked, id=17100, stack(0x000000f56d700000,0x000000f56d800000)]
  0x000002b365121420 JavaThread "Notification Thread" daemon [_thread_blocked, id=5356, stack(0x000000f56d800000,0x000000f56d900000)]
  0x000002b365126190 JavaThread "Common-Cleaner" daemon [_thread_blocked, id=13360, stack(0x000000f56da00000,0x000000f56db00000)]
  0x000002b365384f10 JavaThread "Java2D Disposer" daemon [_thread_blocked, id=15624, stack(0x000000f56db00000,0x000000f56dc00000)]
  0x000002b365387ea0 JavaThread "AWT-Shutdown" [_thread_blocked, id=14860, stack(0x000000f56dc00000,0x000000f56dd00000)]
  0x000002b36538f260 JavaThread "AWT-Windows" daemon [_thread_in_native, id=12724, stack(0x000000f56dd00000,0x000000f56de00000)]
  0x000002b3665d9f90 JavaThread "AWT-EventQueue-0" [_thread_blocked, id=1336, stack(0x000000f56e000000,0x000000f56e100000)]
  0x000002b366623d00 JavaThread "D3D Screen Updater" daemon [_thread_blocked, id=8400, stack(0x000000f56e100000,0x000000f56e200000)]
  0x000002b341499620 JavaThread "DestroyJavaVM" [_thread_blocked, id=16724, stack(0x000000f56c800000,0x000000f56c900000)]
  0x000002b366680f00 JavaThread "TimerQueue" daemon [_thread_blocked, id=16664, stack(0x000000f56e200000,0x000000f56e300000)]

Other Threads:
  0x000002b36445b8d0 VMThread "VM Thread" [stack: 0x000000f56ce00000,0x000000f56cf00000] [id=5372]
  0x000002b365122110 WatcherThread [stack: 0x000000f56d900000,0x000000f56da00000] [id=13832]
  0x000002b3414ec0d0 GCTaskThread "GC Thread#0" [stack: 0x000000f56c900000,0x000000f56ca00000] [id=12076]
  0x000002b3651fe990 GCTaskThread "GC Thread#1" [stack: 0x000000f56c700000,0x000000f56c800000] [id=11648]
  0x000002b3651ff700 GCTaskThread "GC Thread#2" [stack: 0x000000f56e730000,0x000000f56e830000] [id=2256]
  0x000002b3651fec40 GCTaskThread "GC Thread#3" [stack: 0x000000f56e830000,0x000000f56e930000] [id=7588]
  0x000002b3651fff10 GCTaskThread "GC Thread#4" [stack: 0x000000f56e930000,0x000000f56ea30000] [id=7568]
  0x000002b3651ff9b0 GCTaskThread "GC Thread#5" [stack: 0x000000f56ea30000,0x000000f56eb30000] [id=7572]
  0x000002b3651feef0 GCTaskThread "GC Thread#6" [stack: 0x000000f56eb30000,0x000000f56ec30000] [id=7576]
  0x000002b3651ff450 GCTaskThread "GC Thread#7" [stack: 0x000000f56ec30000,0x000000f56ed30000] [id=7580]
  0x000002b3414fd6b0 ConcurrentGCThread "G1 Main Marker" [stack: 0x000000f56ca00000,0x000000f56cb00000] [id=2788]
  0x000002b3414ff0d0 ConcurrentGCThread "G1 Conc#0" [stack: 0x000000f56cb00000,0x000000f56cc00000] [id=16564]
  0x000002b341573b30 ConcurrentGCThread "G1 Refine#0" [stack: 0x000000f56cc00000,0x000000f56cd00000] [id=11916]
  0x000002b3643235c0 ConcurrentGCThread "G1 Service" [stack: 0x000000f56cd00000,0x000000f56ce00000] [id=5140]

Threads with active compile tasks:
C2 CompilerThread0  204032621 3066       4       java.beans.PropertyChangeSupport::firePropertyChange (35 bytes)

VM state: not at safepoint (normal execution)

VM Mutex/Monitor currently owned by a thread: None

Heap address: 0x0000000701000000, size: 4080 MB, Compressed Oops mode: Zero based, Oop shift amount: 3

CDS archive(s) mapped at: [0x0000000800000000-0x0000000800bc0000-0x0000000800bc0000), size 12320768, SharedBaseAddress: 0x0000000800000000, ArchiveRelocationMode: 0.
Compressed class space mapped at: 0x0000000800c00000-0x0000000840c00000, reserved size: 1073741824
Narrow klass base: 0x0000000800000000, Narrow klass shift: 0, Narrow klass range: 0x100000000

GC Precious Log:
 CPUs: 8 total, 8 available
 Memory: 16315M
 Large Page Support: Disabled
 NUMA Support: Disabled
 Compressed Oops: Enabled (Zero based)
 Heap Region Size: 2M
 Heap Min Capacity: 8M
 Heap Initial Capacity: 256M
 Heap Max Capacity: 4080M
 Pre-touch: Disabled
 Parallel Workers: 8
 Concurrent Workers: 2
 Concurrent Refinement Workers: 8
 Periodic GC: Disabled

Heap:
 garbage-first heap   total 262144K, used 83173K [0x0000000701000000, 0x0000000800000000)
  region size 2048K, 22 young (45056K), 2 survivors (4096K)
 Metaspace       used 12625K, committed 12864K, reserved 1064960K
  class space    used 1330K, committed 1472K, reserved 1048576K

Heap Regions: E=young(eden), S=young(survivor), O=old, HS=humongous(starts), HC=humongous(continues), CS=collection set, F=free, OA=open archive, CA=closed archive, TAMS=top-at-mark-start (previous, next)
|   0|0x0000000701000000, 0x0000000701200000, 0x0000000701200000|100%|HS|  |TAMS 0x0000000701000000, 0x0000000701000000| Complete 
|   1|0x0000000701200000, 0x0000000701400000, 0x0000000701400000|100%|HC|  |TAMS 0x0000000701200000, 0x0000000701200000| Complete 
|   2|0x0000000701400000, 0x0000000701600000, 0x0000000701600000|100%|HS|  |TAMS 0x0000000701400000, 0x0000000701400000| Complete 
|   3|0x0000000701600000, 0x0000000701800000, 0x0000000701800000|100%|HC|  |TAMS 0x0000000701600000, 0x0000000701600000| Complete 
|   4|0x0000000701800000, 0x0000000701a00000, 0x0000000701a00000|100%|HS|  |TAMS 0x0000000701800000, 0x0000000701800000| Complete 
|   5|0x0000000701a00000, 0x0000000701c00000, 0x0000000701c00000|100%|HC|  |TAMS 0x0000000701a00000, 0x0000000701a00000| Complete 
|   6|0x0000000701c00000, 0x0000000701e00000, 0x0000000701e00000|100%|HS|  |TAMS 0x0000000701c00000, 0x0000000701c00000| Complete 
|   7|0x0000000701e00000, 0x0000000702000000, 0x0000000702000000|100%|HC|  |TAMS 0x0000000701e00000, 0x0000000701e00000| Complete 
|   8|0x0000000702000000, 0x0000000702200000, 0x0000000702200000|100%|HS|  |TAMS 0x0000000702000000, 0x0000000702000000| Complete 
|   9|0x0000000702200000, 0x0000000702400000, 0x0000000702400000|100%|HC|  |TAMS 0x0000000702200000, 0x0000000702200000| Complete 
|  10|0x0000000702400000, 0x0000000702600000, 0x0000000702600000|100%|HS|  |TAMS 0x0000000702400000, 0x0000000702400000| Complete 
|  11|0x0000000702600000, 0x0000000702800000, 0x0000000702800000|100%|HC|  |TAMS 0x0000000702600000, 0x0000000702600000| Complete 
|  12|0x0000000702800000, 0x0000000702a00000, 0x0000000702a00000|100%|HS|  |TAMS 0x0000000702800000, 0x0000000702800000| Complete 
|  13|0x0000000702a00000, 0x0000000702c00000, 0x0000000702c00000|100%|HC|  |TAMS 0x0000000702a00000, 0x0000000702a00000| Complete 
|  14|0x0000000702c00000, 0x0000000702e00000, 0x0000000702e00000|100%|HS|  |TAMS 0x0000000702c00000, 0x0000000702c00000| Complete 
|  15|0x0000000702e00000, 0x0000000703000000, 0x0000000703000000|100%|HC|  |TAMS 0x0000000702e00000, 0x0000000702e00000| Complete 
|  16|0x0000000703000000, 0x0000000703200000, 0x0000000703200000|100%|HS|  |TAMS 0x0000000703000000, 0x0000000703000000| Complete 
|  17|0x0000000703200000, 0x0000000703400000, 0x0000000703400000|100%|HC|  |TAMS 0x0000000703200000, 0x0000000703200000| Complete 
|  18|0x0000000703400000, 0x0000000703600000, 0x0000000703600000|100%|HS|  |TAMS 0x0000000703400000, 0x0000000703400000| Complete 
|  19|0x0000000703600000, 0x0000000703800000, 0x0000000703800000|100%|HC|  |TAMS 0x0000000703600000, 0x0000000703600000| Complete 
|  20|0x0000000703800000, 0x0000000703800000, 0x0000000703a00000|  0%| F|  |TAMS 0x0000000703800000, 0x0000000703800000| Untracked 
|  21|0x0000000703a00000, 0x0000000703a00000, 0x0000000703c00000|  0%| F|  |TAMS 0x0000000703a00000, 0x0000000703a00000| Untracked 
|  22|0x0000000703c00000, 0x0000000703c00000, 0x0000000703e00000|  0%| F|  |TAMS 0x0000000703c00000, 0x0000000703c00000| Untracked 
|  23|0x0000000703e00000, 0x0000000703e00000, 0x0000000704000000|  0%| F|  |TAMS 0x0000000703e00000, 0x0000000703e00000| Untracked 
|  24|0x0000000704000000, 0x0000000704000000, 0x0000000704200000|  0%| F|  |TAMS 0x0000000704000000, 0x0000000704000000| Untracked 
|  25|0x0000000704200000, 0x0000000704200000, 0x0000000704400000|  0%| F|  |TAMS 0x0000000704200000, 0x0000000704200000| Untracked 
|  26|0x0000000704400000, 0x0000000704400000, 0x0000000704600000|  0%| F|  |TAMS 0x0000000704400000, 0x0000000704400000| Untracked 
|  27|0x0000000704600000, 0x0000000704600000, 0x0000000704800000|  0%| F|  |TAMS 0x0000000704600000, 0x0000000704600000| Untracked 
|  28|0x0000000704800000, 0x0000000704800000, 0x0000000704a00000|  0%| F|  |TAMS 0x0000000704800000, 0x0000000704800000| Untracked 
|  29|0x0000000704a00000, 0x0000000704a00000, 0x0000000704c00000|  0%| F|  |TAMS 0x0000000704a00000, 0x0000000704a00000| Untracked 
|  30|0x0000000704c00000, 0x0000000704c00000, 0x0000000704e00000|  0%| F|  |TAMS 0x0000000704c00000, 0x0000000704c00000| Untracked 
|  31|0x0000000704e00000, 0x0000000704e00000, 0x0000000705000000|  0%| F|  |TAMS 0x0000000704e00000, 0x0000000704e00000| Untracked 
|  32|0x0000000705000000, 0x0000000705000000, 0x0000000705200000|  0%| F|  |TAMS 0x0000000705000000, 0x0000000705000000| Untracked 
|  33|0x0000000705200000, 0x0000000705200000, 0x0000000705400000|  0%| F|  |TAMS 0x0000000705200000, 0x0000000705200000| Untracked 
|  34|0x0000000705400000, 0x0000000705400000, 0x0000000705600000|  0%| F|  |TAMS 0x0000000705400000, 0x0000000705400000| Untracked 
|  35|0x0000000705600000, 0x0000000705600000, 0x0000000705800000|  0%| F|  |TAMS 0x0000000705600000, 0x0000000705600000| Untracked 
|  36|0x0000000705800000, 0x0000000705800000, 0x0000000705a00000|  0%| F|  |TAMS 0x0000000705800000, 0x0000000705800000| Untracked 
|  37|0x0000000705a00000, 0x0000000705a00000, 0x0000000705c00000|  0%| F|  |TAMS 0x0000000705a00000, 0x0000000705a00000| Untracked 
|  38|0x0000000705c00000, 0x0000000705c00000, 0x0000000705e00000|  0%| F|  |TAMS 0x0000000705c00000, 0x0000000705c00000| Untracked 
|  39|0x0000000705e00000, 0x0000000705e00000, 0x0000000706000000|  0%| F|  |TAMS 0x0000000705e00000, 0x0000000705e00000| Untracked 
|  40|0x0000000706000000, 0x0000000706000000, 0x0000000706200000|  0%| F|  |TAMS 0x0000000706000000, 0x0000000706000000| Untracked 
|  41|0x0000000706200000, 0x0000000706200000, 0x0000000706400000|  0%| F|  |TAMS 0x0000000706200000, 0x0000000706200000| Untracked 
|  42|0x0000000706400000, 0x0000000706400000, 0x0000000706600000|  0%| F|  |TAMS 0x0000000706400000, 0x0000000706400000| Untracked 
|  43|0x0000000706600000, 0x0000000706600000, 0x0000000706800000|  0%| F|  |TAMS 0x0000000706600000, 0x0000000706600000| Untracked 
|  44|0x0000000706800000, 0x0000000706800000, 0x0000000706a00000|  0%| F|  |TAMS 0x0000000706800000, 0x0000000706800000| Untracked 
|  45|0x0000000706a00000, 0x0000000706a00000, 0x0000000706c00000|  0%| F|  |TAMS 0x0000000706a00000, 0x0000000706a00000| Untracked 
|  46|0x0000000706c00000, 0x0000000706c00000, 0x0000000706e00000|  0%| F|  |TAMS 0x0000000706c00000, 0x0000000706c00000| Untracked 
|  47|0x0000000706e00000, 0x0000000706e00000, 0x0000000707000000|  0%| F|  |TAMS 0x0000000706e00000, 0x0000000706e00000| Untracked 
|  48|0x0000000707000000, 0x0000000707000000, 0x0000000707200000|  0%| F|  |TAMS 0x0000000707000000, 0x0000000707000000| Untracked 
|  49|0x0000000707200000, 0x0000000707200000, 0x0000000707400000|  0%| F|  |TAMS 0x0000000707200000, 0x0000000707200000| Untracked 
|  50|0x0000000707400000, 0x0000000707400000, 0x0000000707600000|  0%| F|  |TAMS 0x0000000707400000, 0x0000000707400000| Untracked 
|  51|0x0000000707600000, 0x0000000707600000, 0x0000000707800000|  0%| F|  |TAMS 0x0000000707600000, 0x0000000707600000| Untracked 
|  52|0x0000000707800000, 0x0000000707800000, 0x0000000707a00000|  0%| F|  |TAMS 0x0000000707800000, 0x0000000707800000| Untracked 
|  53|0x0000000707a00000, 0x0000000707a00000, 0x0000000707c00000|  0%| F|  |TAMS 0x0000000707a00000, 0x0000000707a00000| Untracked 
|  54|0x0000000707c00000, 0x0000000707c00000, 0x0000000707e00000|  0%| F|  |TAMS 0x0000000707c00000, 0x0000000707c00000| Untracked 
|  55|0x0000000707e00000, 0x0000000707e00000, 0x0000000708000000|  0%| F|  |TAMS 0x0000000707e00000, 0x0000000707e00000| Untracked 
|  56|0x0000000708000000, 0x0000000708000000, 0x0000000708200000|  0%| F|  |TAMS 0x0000000708000000, 0x0000000708000000| Untracked 
|  57|0x0000000708200000, 0x0000000708200000, 0x0000000708400000|  0%| F|  |TAMS 0x0000000708200000, 0x0000000708200000| Untracked 
|  58|0x0000000708400000, 0x0000000708400000, 0x0000000708600000|  0%| F|  |TAMS 0x0000000708400000, 0x0000000708400000| Untracked 
|  59|0x0000000708600000, 0x0000000708600000, 0x0000000708800000|  0%| F|  |TAMS 0x0000000708600000, 0x0000000708600000| Untracked 
|  60|0x0000000708800000, 0x0000000708800000, 0x0000000708a00000|  0%| F|  |TAMS 0x0000000708800000, 0x0000000708800000| Untracked 
|  61|0x0000000708a00000, 0x0000000708a00000, 0x0000000708c00000|  0%| F|  |TAMS 0x0000000708a00000, 0x0000000708a00000| Untracked 
|  62|0x0000000708c00000, 0x0000000708c00000, 0x0000000708e00000|  0%| F|  |TAMS 0x0000000708c00000, 0x0000000708c00000| Untracked 
|  63|0x0000000708e00000, 0x0000000708e00000, 0x0000000709000000|  0%| F|  |TAMS 0x0000000708e00000, 0x0000000708e00000| Untracked 
|  64|0x0000000709000000, 0x0000000709000000, 0x0000000709200000|  0%| F|  |TAMS 0x0000000709000000, 0x0000000709000000| Untracked 
|  65|0x0000000709200000, 0x0000000709200000, 0x0000000709400000|  0%| F|  |TAMS 0x0000000709200000, 0x0000000709200000| Untracked 
|  66|0x0000000709400000, 0x0000000709400000, 0x0000000709600000|  0%| F|  |TAMS 0x0000000709400000, 0x0000000709400000| Untracked 
|  67|0x0000000709600000, 0x0000000709600000, 0x0000000709800000|  0%| F|  |TAMS 0x0000000709600000, 0x0000000709600000| Untracked 
|  68|0x0000000709800000, 0x0000000709800000, 0x0000000709a00000|  0%| F|  |TAMS 0x0000000709800000, 0x0000000709800000| Untracked 
|  69|0x0000000709a00000, 0x0000000709a00000, 0x0000000709c00000|  0%| F|  |TAMS 0x0000000709a00000, 0x0000000709a00000| Untracked 
|  70|0x0000000709c00000, 0x0000000709c00000, 0x0000000709e00000|  0%| F|  |TAMS 0x0000000709c00000, 0x0000000709c00000| Untracked 
|  71|0x0000000709e00000, 0x0000000709e00000, 0x000000070a000000|  0%| F|  |TAMS 0x0000000709e00000, 0x0000000709e00000| Untracked 
|  72|0x000000070a000000, 0x000000070a000000, 0x000000070a200000|  0%| F|  |TAMS 0x000000070a000000, 0x000000070a000000| Untracked 
|  73|0x000000070a200000, 0x000000070a200000, 0x000000070a400000|  0%| F|  |TAMS 0x000000070a200000, 0x000000070a200000| Untracked 
|  74|0x000000070a400000, 0x000000070a400000, 0x000000070a600000|  0%| F|  |TAMS 0x000000070a400000, 0x000000070a400000| Untracked 
|  75|0x000000070a600000, 0x000000070a600000, 0x000000070a800000|  0%| F|  |TAMS 0x000000070a600000, 0x000000070a600000| Untracked 
|  76|0x000000070a800000, 0x000000070a800000, 0x000000070aa00000|  0%| F|  |TAMS 0x000000070a800000, 0x000000070a800000| Untracked 
|  77|0x000000070aa00000, 0x000000070aa00000, 0x000000070ac00000|  0%| F|  |TAMS 0x000000070aa00000, 0x000000070aa00000| Untracked 
|  78|0x000000070ac00000, 0x000000070ac00000, 0x000000070ae00000|  0%| F|  |TAMS 0x000000070ac00000, 0x000000070ac00000| Untracked 
|  79|0x000000070ae00000, 0x000000070ae00000, 0x000000070b000000|  0%| F|  |TAMS 0x000000070ae00000, 0x000000070ae00000| Untracked 
|  80|0x000000070b000000, 0x000000070b000000, 0x000000070b200000|  0%| F|  |TAMS 0x000000070b000000, 0x000000070b000000| Untracked 
|  81|0x000000070b200000, 0x000000070b200000, 0x000000070b400000|  0%| F|  |TAMS 0x000000070b200000, 0x000000070b200000| Untracked 
|  82|0x000000070b400000, 0x000000070b400000, 0x000000070b600000|  0%| F|  |TAMS 0x000000070b400000, 0x000000070b400000| Untracked 
|  83|0x000000070b600000, 0x000000070b600000, 0x000000070b800000|  0%| F|  |TAMS 0x000000070b600000, 0x000000070b600000| Untracked 
|  84|0x000000070b800000, 0x000000070b800000, 0x000000070ba00000|  0%| F|  |TAMS 0x000000070b800000, 0x000000070b800000| Untracked 
|  85|0x000000070ba00000, 0x000000070ba00000, 0x000000070bc00000|  0%| F|  |TAMS 0x000000070ba00000, 0x000000070ba00000| Untracked 
|  86|0x000000070bc00000, 0x000000070bc00000, 0x000000070be00000|  0%| F|  |TAMS 0x000000070bc00000, 0x000000070bc00000| Untracked 
|  87|0x000000070be00000, 0x000000070be00000, 0x000000070c000000|  0%| F|  |TAMS 0x000000070be00000, 0x000000070be00000| Untracked 
|  88|0x000000070c000000, 0x000000070c000000, 0x000000070c200000|  0%| F|  |TAMS 0x000000070c000000, 0x000000070c000000| Untracked 
|  89|0x000000070c200000, 0x000000070c200000, 0x000000070c400000|  0%| F|  |TAMS 0x000000070c200000, 0x000000070c200000| Untracked 
|  90|0x000000070c400000, 0x000000070c400000, 0x000000070c600000|  0%| F|  |TAMS 0x000000070c400000, 0x000000070c400000| Untracked 
|  91|0x000000070c600000, 0x000000070c600000, 0x000000070c800000|  0%| F|  |TAMS 0x000000070c600000, 0x000000070c600000| Untracked 
|  92|0x000000070c800000, 0x000000070c800000, 0x000000070ca00000|  0%| F|  |TAMS 0x000000070c800000, 0x000000070c800000| Untracked 
|  93|0x000000070ca00000, 0x000000070ca00000, 0x000000070cc00000|  0%| F|  |TAMS 0x000000070ca00000, 0x000000070ca00000| Untracked 
|  94|0x000000070cc00000, 0x000000070cc00000, 0x000000070ce00000|  0%| F|  |TAMS 0x000000070cc00000, 0x000000070cc00000| Untracked 
|  95|0x000000070ce00000, 0x000000070ce00000, 0x000000070d000000|  0%| F|  |TAMS 0x000000070ce00000, 0x000000070ce00000| Untracked 
|  96|0x000000070d000000, 0x000000070d000000, 0x000000070d200000|  0%| F|  |TAMS 0x000000070d000000, 0x000000070d000000| Untracked 
|  97|0x000000070d200000, 0x000000070d200000, 0x000000070d400000|  0%| F|  |TAMS 0x000000070d200000, 0x000000070d200000| Untracked 
|  98|0x000000070d400000, 0x000000070d400000, 0x000000070d600000|  0%| F|  |TAMS 0x000000070d400000, 0x000000070d400000| Untracked 
|  99|0x000000070d600000, 0x000000070d600000, 0x000000070d800000|  0%| F|  |TAMS 0x000000070d600000, 0x000000070d600000| Untracked 
| 100|0x000000070d800000, 0x000000070d800000, 0x000000070da00000|  0%| F|  |TAMS 0x000000070d800000, 0x000000070d800000| Untracked 
| 101|0x000000070da00000, 0x000000070da00000, 0x000000070dc00000|  0%| F|  |TAMS 0x000000070da00000, 0x000000070da00000| Untracked 
| 102|0x000000070dc00000, 0x000000070dc00000, 0x000000070de00000|  0%| F|  |TAMS 0x000000070dc00000, 0x000000070dc00000| Untracked 
| 103|0x000000070de00000, 0x000000070de00000, 0x000000070e000000|  0%| F|  |TAMS 0x000000070de00000, 0x000000070de00000| Untracked 
| 104|0x000000070e000000, 0x000000070e000000, 0x000000070e200000|  0%| F|  |TAMS 0x000000070e000000, 0x000000070e000000| Untracked 
| 105|0x000000070e200000, 0x000000070e200000, 0x000000070e400000|  0%| F|  |TAMS 0x000000070e200000, 0x000000070e200000| Untracked 
| 106|0x000000070e400000, 0x000000070e600000, 0x000000070e600000|100%| E|  |TAMS 0x000000070e400000, 0x000000070e400000| Complete 
| 107|0x000000070e600000, 0x000000070e800000, 0x000000070e800000|100%| E|CS|TAMS 0x000000070e600000, 0x000000070e600000| Complete 
| 108|0x000000070e800000, 0x000000070ea00000, 0x000000070ea00000|100%| E|CS|TAMS 0x000000070e800000, 0x000000070e800000| Complete 
| 109|0x000000070ea00000, 0x000000070eb39450, 0x000000070ec00000| 61%| S|CS|TAMS 0x000000070ea00000, 0x000000070ea00000| Complete 
| 110|0x000000070ec00000, 0x000000070ee00000, 0x000000070ee00000|100%| S|CS|TAMS 0x000000070ec00000, 0x000000070ec00000| Complete 
| 111|0x000000070ee00000, 0x000000070f000000, 0x000000070f000000|100%| E|CS|TAMS 0x000000070ee00000, 0x000000070ee00000| Complete 
| 112|0x000000070f000000, 0x000000070f200000, 0x000000070f200000|100%| E|CS|TAMS 0x000000070f000000, 0x000000070f000000| Complete 
| 113|0x000000070f200000, 0x000000070f400000, 0x000000070f400000|100%| E|CS|TAMS 0x000000070f200000, 0x000000070f200000| Complete 
| 114|0x000000070f400000, 0x000000070f600000, 0x000000070f600000|100%| E|CS|TAMS 0x000000070f400000, 0x000000070f400000| Complete 
| 115|0x000000070f600000, 0x000000070f800000, 0x000000070f800000|100%| E|CS|TAMS 0x000000070f600000, 0x000000070f600000| Complete 
| 116|0x000000070f800000, 0x000000070fa00000, 0x000000070fa00000|100%| E|CS|TAMS 0x000000070f800000, 0x000000070f800000| Complete 
| 117|0x000000070fa00000, 0x000000070fc00000, 0x000000070fc00000|100%| E|CS|TAMS 0x000000070fa00000, 0x000000070fa00000| Complete 
| 118|0x000000070fc00000, 0x000000070fe00000, 0x000000070fe00000|100%| E|CS|TAMS 0x000000070fc00000, 0x000000070fc00000| Complete 
| 119|0x000000070fe00000, 0x0000000710000000, 0x0000000710000000|100%| E|CS|TAMS 0x000000070fe00000, 0x000000070fe00000| Complete 
| 120|0x0000000710000000, 0x0000000710200000, 0x0000000710200000|100%| E|CS|TAMS 0x0000000710000000, 0x0000000710000000| Complete 
| 121|0x0000000710200000, 0x0000000710400000, 0x0000000710400000|100%| E|CS|TAMS 0x0000000710200000, 0x0000000710200000| Complete 
| 122|0x0000000710400000, 0x0000000710600000, 0x0000000710600000|100%| E|CS|TAMS 0x0000000710400000, 0x0000000710400000| Complete 
| 123|0x0000000710600000, 0x0000000710800000, 0x0000000710800000|100%| E|CS|TAMS 0x0000000710600000, 0x0000000710600000| Complete 
| 124|0x0000000710800000, 0x0000000710a00000, 0x0000000710a00000|100%| E|CS|TAMS 0x0000000710800000, 0x0000000710800000| Complete 
| 125|0x0000000710a00000, 0x0000000710c00000, 0x0000000710c00000|100%| E|CS|TAMS 0x0000000710a00000, 0x0000000710a00000| Complete 
| 126|0x0000000710c00000, 0x0000000710e00000, 0x0000000710e00000|100%| E|CS|TAMS 0x0000000710c00000, 0x0000000710c00000| Complete 
| 127|0x0000000710e00000, 0x0000000711000000, 0x0000000711000000|100%| E|CS|TAMS 0x0000000710e00000, 0x0000000710e00000| Complete 

Card table byte_map: [0x000002b358ac0000,0x000002b3592c0000] _byte_map_base: 0x000002b3552b8000

Marking Bits (Prev, Next): (CMBitMap*) 0x000002b3414ec6e0, (CMBitMap*) 0x000002b3414ec720
 Prev Bits: [0x000002b359ac0000, 0x000002b35da80000)
 Next Bits: [0x000002b35da80000, 0x000002b361a40000)

Polling page: 0x000002b33f480000

Metaspace:

Usage:
  Non-class:     11.03 MB used.
      Class:      1.30 MB used.
       Both:     12.33 MB used.

Virtual space:
  Non-class space:       16.00 MB reserved,      11.12 MB ( 70%) committed,  2 nodes.
      Class space:        1.00 GB reserved,       1.44 MB ( <1%) committed,  1 nodes.
             Both:        1.02 GB reserved,      12.56 MB (  1%) committed. 

Chunk freelists:
   Non-Class:  486.00 KB
       Class:  2.56 MB
        Both:  3.03 MB

MaxMetaspaceSize: unlimited
CompressedClassSpaceSize: 1.00 GB
Initial GC threshold: 21.00 MB
Current GC threshold: 21.00 MB
CDS: on
MetaspaceReclaimPolicy: balanced
 - commit_granule_bytes: 65536.
 - commit_granule_words: 8192.
 - virtual_space_node_default_size: 1048576.
 - enlarge_chunks_in_place: 1.
 - new_chunks_are_fully_committed: 0.
 - uncommit_free_chunks: 1.
 - use_allocation_guard: 0.
 - handle_deallocations: 1.


Internal statistics:

num_allocs_failed_limit: 0.
num_arena_births: 142.
num_arena_deaths: 0.
num_vsnodes_births: 3.
num_vsnodes_deaths: 0.
num_space_committed: 201.
num_space_uncommitted: 0.
num_chunks_returned_to_freelist: 0.
num_chunks_taken_from_freelist: 245.
num_chunk_merges: 0.
num_chunk_splits: 132.
num_chunks_enlarged: 54.
num_purges: 0.
num_inconsistent_stats: 0.

CodeHeap 'non-profiled nmethods': size=120000Kb used=2017Kb max_used=2017Kb free=117982Kb
 bounds [0x000002b350a40000, 0x000002b350cb0000, 0x000002b357f70000]
CodeHeap 'profiled nmethods': size=120000Kb used=5895Kb max_used=5895Kb free=114104Kb
 bounds [0x000002b349510000, 0x000002b349ae0000, 0x000002b350a40000]
CodeHeap 'non-nmethods': size=5760Kb used=1295Kb max_used=1340Kb free=4464Kb
 bounds [0x000002b348f70000, 0x000002b3491e0000, 0x000002b349510000]
 total_blobs=3690 nmethods=3064 adapters=536
 compilation: enabled
              stopped_count=0, restarted_count=0
 full_count=0

Compilation events (20 events):
Event: 189286.856 Thread 0x000002b3644af530 nmethod 3056 0x000002b350c37890 code [0x000002b350c37a00, 0x000002b350c37a78]
Event: 189286.861 Thread 0x000002b3644af530 3057       4       java.awt.EventQueue::getPriority (78 bytes)
Event: 189286.862 Thread 0x000002b3644af530 nmethod 3057 0x000002b350c37b90 code [0x000002b350c37d00, 0x000002b350c37db8]
Event: 189287.266 Thread 0x000002b3644b3ef0 3058       3       java.awt.KeyboardFocusManager$HeavyweightFocusRequest::<init> (54 bytes)
Event: 189287.266 Thread 0x000002b3644b3ef0 nmethod 3058 0x000002b349acbc10 code [0x000002b349acbe40, 0x000002b349acc6c8]
Event: 189287.266 Thread 0x000002b3644b3ef0 3059   !   3       sun.awt.im.InputContext::focusGained (234 bytes)
Event: 189287.268 Thread 0x000002b3644b3ef0 nmethod 3059 0x000002b349acc990 code [0x000002b349accd20, 0x000002b349aced38]
Event: 189288.467 Thread 0x000002b3644b3ef0 3060       3       sun.awt.windows.WInputMethod::getNearestNativePeer (70 bytes)
Event: 189288.468 Thread 0x000002b3644b3ef0 nmethod 3060 0x000002b349acf810 code [0x000002b349acfa80, 0x000002b349ad0728]
Event: 189289.517 Thread 0x000002b3644b3ef0 3061       1       javax.swing.JScrollBar::getOrientation (5 bytes)
Event: 189289.517 Thread 0x000002b3644b3ef0 nmethod 3061 0x000002b350c37e90 code [0x000002b350c38020, 0x000002b350c380f8]
Event: 189290.002 Thread 0x000002b3644b3ef0 3062       3       java.awt.Container::isFocusCycleRoot (20 bytes)
Event: 189290.002 Thread 0x000002b3644b3ef0 nmethod 3062 0x000002b349ad0b10 code [0x000002b349ad0ce0, 0x000002b349ad10f8]
Event: 189290.002 Thread 0x000002b3644b3ef0 3063       3       java.awt.Component::isFocusCycleRoot (16 bytes)
Event: 189290.002 Thread 0x000002b3644b3ef0 nmethod 3063 0x000002b349ad1210 code [0x000002b349ad13c0, 0x000002b349ad15e8]
Event: 189290.129 Thread 0x000002b3644af530 3064       4       java.util.BitSet::checkInvariants (111 bytes)
Event: 189290.130 Thread 0x000002b3644af530 nmethod 3064 0x000002b350c38190 code [0x000002b350c38300, 0x000002b350c38378]
Event: 204032.578 Thread 0x000002b3644b3ef0 3065       3       java.awt.event.WindowEvent::getWindow (22 bytes)
Event: 204032.578 Thread 0x000002b3644af530 3066       4       java.beans.PropertyChangeSupport::firePropertyChange (35 bytes)
Event: 204032.579 Thread 0x000002b3644b3ef0 nmethod 3065 0x000002b349ad1690 code [0x000002b349ad1840, 0x000002b349ad1bb8]

GC Heap History (4 events):
Event: 216.166 GC heap before
{Heap before GC invocations=0 (full 0):
 garbage-first heap   total 262144K, used 22528K [0x0000000701000000, 0x0000000800000000)
  region size 2048K, 11 young (22528K), 0 survivors (0K)
 Metaspace       used 11989K, committed 12224K, reserved 1064960K
  class space    used 1302K, committed 1408K, reserved 1048576K
}
Event: 216.171 GC heap after
{Heap after GC invocations=1 (full 0):
 garbage-first heap   total 262144K, used 3114K [0x0000000701000000, 0x0000000800000000)
  region size 2048K, 2 young (4096K), 2 survivors (4096K)
 Metaspace       used 11989K, committed 12224K, reserved 1064960K
  class space    used 1302K, committed 1408K, reserved 1048576K
}
Event: 83718.139 GC heap before
{Heap before GC invocations=1 (full 0):
 garbage-first heap   total 262144K, used 54314K [0x0000000701000000, 0x0000000800000000)
  region size 2048K, 17 young (34816K), 2 survivors (4096K)
 Metaspace       used 12475K, committed 12736K, reserved 1064960K
  class space    used 1322K, committed 1472K, reserved 1048576K
}
Event: 83718.145 GC heap after
{Heap after GC invocations=2 (full 0):
 garbage-first heap   total 262144K, used 23781K [0x0000000701000000, 0x0000000800000000)
  region size 2048K, 2 young (4096K), 2 survivors (4096K)
 Metaspace       used 12475K, committed 12736K, reserved 1064960K
  class space    used 1322K, committed 1472K, reserved 1048576K
}

Deoptimization events (20 events):
Event: 84627.961 Thread 0x000002b3665d9f90 DEOPT PACKING pc=0x000002b350b41b58 sp=0x000000f56e0fe760
Event: 84627.961 Thread 0x000002b3665d9f90 DEOPT UNPACKING pc=0x000002b348fc23a3 sp=0x000000f56e0fe638 mode 2
Event: 85083.237 Thread 0x000002b3665d9f90 DEOPT PACKING pc=0x000002b349907b25 sp=0x000000f56e0fea60
Event: 85083.237 Thread 0x000002b3665d9f90 DEOPT UNPACKING pc=0x000002b348fc2b43 sp=0x000000f56e0fdef0 mode 0
Event: 86532.496 Thread 0x000002b3665d9f90 Uncommon trap: trap_request=0xffffff45 fr.pc=0x000002b350a906c8 relative=0x0000000000000848
Event: 86532.496 Thread 0x000002b3665d9f90 Uncommon trap: reason=unstable_if action=reinterpret pc=0x000002b350a906c8 method=java.awt.Container.findComponentAtImpl(IIZ)Ljava/awt/Component; @ 131 c2
Event: 86532.496 Thread 0x000002b3665d9f90 DEOPT PACKING pc=0x000002b350a906c8 sp=0x000000f56e0fec40
Event: 86532.496 Thread 0x000002b3665d9f90 DEOPT UNPACKING pc=0x000002b348fc23a3 sp=0x000000f56e0feac0 mode 2
Event: 86549.802 Thread 0x000002b36538f260 Uncommon trap: trap_request=0xffffff45 fr.pc=0x000002b350b15540 relative=0x0000000000000140
Event: 86549.802 Thread 0x000002b36538f260 Uncommon trap: reason=unstable_if action=reinterpret pc=0x000002b350b15540 method=java.util.concurrent.locks.ReentrantLock$NonfairSync.tryAcquire(I)Z @ 13 c2
Event: 86549.802 Thread 0x000002b36538f260 DEOPT PACKING pc=0x000002b350b15540 sp=0x000000f56ddfdcd0
Event: 86549.802 Thread 0x000002b36538f260 DEOPT UNPACKING pc=0x000002b348fc23a3 sp=0x000000f56ddfdc90 mode 2
Event: 113826.126 Thread 0x000002b3665d9f90 Uncommon trap: trap_request=0xffffffc6 fr.pc=0x000002b350b660a8 relative=0x0000000000000088
Event: 113826.126 Thread 0x000002b3665d9f90 Uncommon trap: reason=bimorphic_or_optimized_type_check action=maybe_recompile pc=0x000002b350b660a8 method=sun.java2d.loops.SurfaceType.pixelFor(ILjava/awt/image/ColorModel;)I @ 6 c2
Event: 113826.126 Thread 0x000002b3665d9f90 DEOPT PACKING pc=0x000002b350b660a8 sp=0x000000f56e0fe700
Event: 113826.126 Thread 0x000002b3665d9f90 DEOPT UNPACKING pc=0x000002b348fc23a3 sp=0x000000f56e0fe610 mode 2
Event: 113826.129 Thread 0x000002b3665d9f90 Uncommon trap: trap_request=0xffffff45 fr.pc=0x000002b350bbdb90 relative=0x0000000000000b30
Event: 113826.130 Thread 0x000002b3665d9f90 Uncommon trap: reason=unstable_if action=reinterpret pc=0x000002b350bbdb90 method=javax.swing.SwingUtilities.layoutCompoundLabelImpl(Ljavax/swing/JComponent;Ljava/awt/FontMetrics;Ljava/lang/String;Ljavax/swing/Icon;IIIILjava/awt/Rectangle;Ljava/awt/Rectan
Event: 113826.130 Thread 0x000002b3665d9f90 DEOPT PACKING pc=0x000002b350bbdb90 sp=0x000000f56e0fd340
Event: 113826.130 Thread 0x000002b3665d9f90 DEOPT UNPACKING pc=0x000002b348fc23a3 sp=0x000000f56e0fd290 mode 2

Classes unloaded (0 events):
No events

Classes redefined (0 events):
No events

Internal exceptions (20 events):
Event: 82.945 Thread 0x000002b3665d9f90 Exception <a 'java/io/IOException'{0x000000070fe93c28}> (0x000000070fe93c28) 
thrown [e:\jenkins\tmp\workspace\build\src\src\hotspot\share\prims\jni.cpp, line 516]
Event: 82.945 Thread 0x000002b3665d9f90 Exception <a 'java/io/IOException'{0x000000070fe941e0}> (0x000000070fe941e0) 
thrown [e:\jenkins\tmp\workspace\build\src\src\hotspot\share\prims\jni.cpp, line 516]
Event: 82.945 Thread 0x000002b3665d9f90 Exception <a 'java/io/IOException'{0x000000070fe94d00}> (0x000000070fe94d00) 
thrown [e:\jenkins\tmp\workspace\build\src\src\hotspot\share\prims\jni.cpp, line 516]
Event: 82.945 Thread 0x000002b3665d9f90 Exception <a 'java/io/IOException'{0x000000070fe952b8}> (0x000000070fe952b8) 
thrown [e:\jenkins\tmp\workspace\build\src\src\hotspot\share\prims\jni.cpp, line 516]
Event: 82.945 Thread 0x000002b3665d9f90 Exception <a 'java/io/IOException'{0x000000070fe95cb8}> (0x000000070fe95cb8) 
thrown [e:\jenkins\tmp\workspace\build\src\src\hotspot\share\prims\jni.cpp, line 516]
Event: 82.945 Thread 0x000002b3665d9f90 Exception <a 'java/io/IOException'{0x000000070fe96270}> (0x000000070fe96270) 
thrown [e:\jenkins\tmp\workspace\build\src\src\hotspot\share\prims\jni.cpp, line 516]
Event: 82.945 Thread 0x000002b3665d9f90 Exception <a 'java/io/IOException'{0x000000070fe96dc0}> (0x000000070fe96dc0) 
thrown [e:\jenkins\tmp\workspace\build\src\src\hotspot\share\prims\jni.cpp, line 516]
Event: 82.945 Thread 0x000002b3665d9f90 Exception <a 'java/io/IOException'{0x000000070fe97378}> (0x000000070fe97378) 
thrown [e:\jenkins\tmp\workspace\build\src\src\hotspot\share\prims\jni.cpp, line 516]
Event: 82.945 Thread 0x000002b3665d9f90 Exception <a 'java/io/IOException'{0x000000070fe97eb8}> (0x000000070fe97eb8) 
thrown [e:\jenkins\tmp\workspace\build\src\src\hotspot\share\prims\jni.cpp, line 516]
Event: 82.945 Thread 0x000002b3665d9f90 Exception <a 'java/io/IOException'{0x000000070fe98470}> (0x000000070fe98470) 
thrown [e:\jenkins\tmp\workspace\build\src\src\hotspot\share\prims\jni.cpp, line 516]
Event: 82.945 Thread 0x000002b3665d9f90 Exception <a 'java/io/IOException'{0x000000070fe98fc0}> (0x000000070fe98fc0) 
thrown [e:\jenkins\tmp\workspace\build\src\src\hotspot\share\prims\jni.cpp, line 516]
Event: 82.945 Thread 0x000002b3665d9f90 Exception <a 'java/io/IOException'{0x000000070fe99578}> (0x000000070fe99578) 
thrown [e:\jenkins\tmp\workspace\build\src\src\hotspot\share\prims\jni.cpp, line 516]
Event: 82.945 Thread 0x000002b3665d9f90 Exception <a 'java/io/IOException'{0x000000070fe99fe0}> (0x000000070fe99fe0) 
thrown [e:\jenkins\tmp\workspace\build\src\src\hotspot\share\prims\jni.cpp, line 516]
Event: 82.945 Thread 0x000002b3665d9f90 Exception <a 'java/io/IOException'{0x000000070fe9a598}> (0x000000070fe9a598) 
thrown [e:\jenkins\tmp\workspace\build\src\src\hotspot\share\prims\jni.cpp, line 516]
Event: 82.945 Thread 0x000002b3665d9f90 Exception <a 'java/io/IOException'{0x000000070fe9b000}> (0x000000070fe9b000) 
thrown [e:\jenkins\tmp\workspace\build\src\src\hotspot\share\prims\jni.cpp, line 516]
Event: 82.945 Thread 0x000002b3665d9f90 Exception <a 'java/io/IOException'{0x000000070fe9b5b8}> (0x000000070fe9b5b8) 
thrown [e:\jenkins\tmp\workspace\build\src\src\hotspot\share\prims\jni.cpp, line 516]
Event: 82.945 Thread 0x000002b3665d9f90 Exception <a 'java/io/IOException'{0x000000070fe9c008}> (0x000000070fe9c008) 
thrown [e:\jenkins\tmp\workspace\build\src\src\hotspot\share\prims\jni.cpp, line 516]
Event: 82.945 Thread 0x000002b3665d9f90 Exception <a 'java/io/IOException'{0x000000070fe9c5c0}> (0x000000070fe9c5c0) 
thrown [e:\jenkins\tmp\workspace\build\src\src\hotspot\share\prims\jni.cpp, line 516]
Event: 113826.173 Thread 0x000002b3665d9f90 Exception <a 'sun/java2d/InvalidPipeException'{0x000000070f2d98b0}: GDIWindowSurfaceData: bounds changed> (0x000000070f2d98b0) 
thrown [e:\jenkins\tmp\workspace\build\src\src\hotspot\share\prims\jni.cpp, line 535]
Event: 113826.173 Thread 0x000002b3665d9f90 Exception <a 'sun/java2d/InvalidPipeException'{0x000000070f2d9ed8}: GDIWindowSurfaceData: bounds changed> (0x000000070f2d9ed8) 
thrown [e:\jenkins\tmp\workspace\build\src\src\hotspot\share\prims\jni.cpp, line 535]

VM Operations (20 events):
Event: 113823.987 Executing VM operation: Cleanup
Event: 113823.987 Executing VM operation: Cleanup done
Event: 113826.988 Executing VM operation: Cleanup
Event: 113826.989 Executing VM operation: Cleanup done
Event: 113827.989 Executing VM operation: Cleanup
Event: 113827.989 Executing VM operation: Cleanup done
Event: 154855.261 Executing VM operation: Cleanup
Event: 154855.261 Executing VM operation: Cleanup done
Event: 155081.054 Executing VM operation: Cleanup
Event: 155081.054 Executing VM operation: Cleanup done
Event: 186531.820 Executing VM operation: Cleanup
Event: 186531.821 Executing VM operation: Cleanup done
Event: 186534.840 Executing VM operation: Cleanup
Event: 186534.840 Executing VM operation: Cleanup done
Event: 186536.856 Executing VM operation: Cleanup
Event: 186536.856 Executing VM operation: Cleanup done
Event: 189280.494 Executing VM operation: Cleanup
Event: 189280.494 Executing VM operation: Cleanup done
Event: 189289.563 Executing VM operation: Cleanup
Event: 189289.563 Executing VM operation: Cleanup done

Events (20 events):
Event: 83598.567 Thread 0x000002b366754d00 Thread added: 0x000002b366754d00
Event: 83598.592 loading class java/awt/GradientPaintContext
Event: 83598.594 loading class java/awt/PaintContext
Event: 83598.594 loading class java/awt/PaintContext done
Event: 83598.594 loading class java/awt/GradientPaintContext done
Event: 83598.594 loading class java/awt/geom/Point2D$Double
Event: 83598.594 loading class java/awt/geom/Point2D$Double done
Event: 83598.595 loading class sun/java2d/pipe/AlphaPaintPipe$TileContext
Event: 83598.595 loading class sun/java2d/pipe/AlphaPaintPipe$TileContext done
Event: 83603.568 Thread 0x000002b366754d00 Thread exited: 0x000002b366754d00
Event: 84627.963 loading class sun/java2d/pipe/ShapeSpanIterator
Event: 84627.964 loading class sun/java2d/pipe/SpanIterator
Event: 84627.964 loading class sun/java2d/pipe/SpanIterator done
Event: 84627.964 loading class sun/awt/geom/PathConsumer2D
Event: 84627.964 loading class sun/awt/geom/PathConsumer2D done
Event: 84627.964 loading class sun/java2d/pipe/ShapeSpanIterator done
Event: 97217.710 loading class java/awt/Canvas
Event: 97217.711 loading class java/awt/Canvas done
Event: 97217.712 loading class java/awt/Scrollbar
Event: 97217.714 loading class java/awt/Scrollbar done


Dynamic libraries:
0x00007ff682a30000 - 0x00007ff682a3e000 	C:\Users\PC\AppData\Local\Programs\Eclipse Adoptium\jdk-17.0.2.8-hotspot\bin\javaw.exe
0x00007ffbb5b90000 - 0x00007ffbb5d88000 	C:\Windows\SYSTEM32\ntdll.dll
0x00007ffbb5a90000 - 0x00007ffbb5b4f000 	C:\Windows\System32\KERNEL32.DLL
0x00007ffbb37a0000 - 0x00007ffbb3a72000 	C:\Windows\System32\KERNELBASE.dll
0x00007ffbb35e0000 - 0x00007ffbb36e0000 	C:\Windows\System32\ucrtbase.dll
0x00007ffbacbc0000 - 0x00007ffbacbd9000 	C:\Users\PC\AppData\Local\Programs\Eclipse Adoptium\jdk-17.0.2.8-hotspot\bin\VCRUNTIME140.dll
0x00007ffbacba0000 - 0x00007ffbacbb8000 	C:\Users\PC\AppData\Local\Programs\Eclipse Adoptium\jdk-17.0.2.8-hotspot\bin\jli.dll
0x00007ffbb41b0000 - 0x00007ffbb434d000 	C:\Windows\System32\USER32.dll
0x00007ffba57e0000 - 0x00007ffba5a7a000 	C:\Windows\WinSxS\amd64_microsoft.windows.common-controls_6595b64144ccf1df_6.0.19041.1110_none_60b5254171f9507e\COMCTL32.dll
0x00007ffbb3290000 - 0x00007ffbb32b2000 	C:\Windows\System32\win32u.dll
0x00007ffbb3d00000 - 0x00007ffbb3d9e000 	C:\Windows\System32\msvcrt.dll
0x00007ffbb5130000 - 0x00007ffbb515b000 	C:\Windows\System32\GDI32.dll
0x00007ffbb3a80000 - 0x00007ffbb3b8f000 	C:\Windows\System32\gdi32full.dll
0x00007ffbb3540000 - 0x00007ffbb35dd000 	C:\Windows\System32\msvcp_win.dll
0x00007ffbb4040000 - 0x00007ffbb4072000 	C:\Windows\System32\IMM32.DLL
0x00007ffbac9e0000 - 0x00007ffbac9ec000 	C:\Users\PC\AppData\Local\Programs\Eclipse Adoptium\jdk-17.0.2.8-hotspot\bin\vcruntime140_1.dll
0x00007ffb99050000 - 0x00007ffb990e1000 	C:\Users\PC\AppData\Local\Programs\Eclipse Adoptium\jdk-17.0.2.8-hotspot\bin\msvcp140.dll
0x00007ffb79a10000 - 0x00007ffb7a657000 	C:\Users\PC\AppData\Local\Programs\Eclipse Adoptium\jdk-17.0.2.8-hotspot\bin\server\jvm.dll
0x00007ffbb3f30000 - 0x00007ffbb3fde000 	C:\Windows\System32\ADVAPI32.dll
0x00007ffbb5340000 - 0x00007ffbb53dc000 	C:\Windows\System32\sechost.dll
0x00007ffbb4350000 - 0x00007ffbb4475000 	C:\Windows\System32\RPCRT4.dll
0x00007ffbb4640000 - 0x00007ffbb4648000 	C:\Windows\System32\PSAPI.DLL
0x00007ffba5b60000 - 0x00007ffba5b87000 	C:\Windows\SYSTEM32\WINMM.dll
0x00007ffbac9d0000 - 0x00007ffbac9d9000 	C:\Windows\SYSTEM32\WSOCK32.dll
0x00007ffbae0a0000 - 0x00007ffbae0aa000 	C:\Windows\SYSTEM32\VERSION.dll
0x00007ffbb4140000 - 0x00007ffbb41ab000 	C:\Windows\System32\WS2_32.dll
0x00007ffbb1170000 - 0x00007ffbb1182000 	C:\Windows\SYSTEM32\kernel.appcore.dll
0x00007ffbac9c0000 - 0x00007ffbac9ca000 	C:\Users\PC\AppData\Local\Programs\Eclipse Adoptium\jdk-17.0.2.8-hotspot\bin\jimage.dll
0x00007ffbad4c0000 - 0x00007ffbad6a4000 	C:\Windows\SYSTEM32\DBGHELP.DLL
0x00007ffbad460000 - 0x00007ffbad48c000 	C:\Windows\SYSTEM32\dbgcore.DLL
0x00007ffbb3710000 - 0x00007ffbb3792000 	C:\Windows\System32\bcryptPrimitives.dll
0x00007ffbac000000 - 0x00007ffbac025000 	C:\Users\PC\AppData\Local\Programs\Eclipse Adoptium\jdk-17.0.2.8-hotspot\bin\java.dll
0x00007ffb98f70000 - 0x00007ffb99046000 	C:\Users\PC\AppData\Local\Programs\Eclipse Adoptium\jdk-17.0.2.8-hotspot\bin\jsvml.dll
0x00007ffbb4670000 - 0x00007ffbb4db3000 	C:\Windows\System32\SHELL32.dll
0x00007ffbb1370000 - 0x00007ffbb1b02000 	C:\Windows\SYSTEM32\windows.storage.dll
0x00007ffbb4dc0000 - 0x00007ffbb5114000 	C:\Windows\System32\combase.dll
0x00007ffbb2cf0000 - 0x00007ffbb2d20000 	C:\Windows\SYSTEM32\Wldp.dll
0x00007ffbb3da0000 - 0x00007ffbb3e4d000 	C:\Windows\System32\SHCORE.dll
0x00007ffbb5230000 - 0x00007ffbb5285000 	C:\Windows\System32\shlwapi.dll
0x00007ffbb31d0000 - 0x00007ffbb31ef000 	C:\Windows\SYSTEM32\profapi.dll
0x00007ffbaab20000 - 0x00007ffbaab39000 	C:\Users\PC\AppData\Local\Programs\Eclipse Adoptium\jdk-17.0.2.8-hotspot\bin\net.dll
0x00007ffbad1a0000 - 0x00007ffbad2ac000 	C:\Windows\SYSTEM32\WINHTTP.dll
0x00007ffbb2a50000 - 0x00007ffbb2aba000 	C:\Windows\system32\mswsock.dll
0x00007ffba5690000 - 0x00007ffba56a5000 	C:\Users\PC\AppData\Local\Programs\Eclipse Adoptium\jdk-17.0.2.8-hotspot\bin\nio.dll
0x00007ffba4990000 - 0x00007ffba49a8000 	C:\Users\PC\AppData\Local\Programs\Eclipse Adoptium\jdk-17.0.2.8-hotspot\bin\zip.dll
0x00007ffb965c0000 - 0x00007ffb9674e000 	C:\Users\PC\AppData\Local\Programs\Eclipse Adoptium\jdk-17.0.2.8-hotspot\bin\awt.dll
0x00007ffbb5160000 - 0x00007ffbb522d000 	C:\Windows\System32\OLEAUT32.dll
0x00007ffbb03a0000 - 0x00007ffbb0431000 	C:\Windows\SYSTEM32\apphelp.dll
0x00007ffbb0f90000 - 0x00007ffbb0fbf000 	C:\Windows\system32\DWMAPI.DLL
0x00007ffbb0ca0000 - 0x00007ffbb0d3e000 	C:\Windows\system32\uxtheme.dll
0x00007ffb85bc0000 - 0x00007ffb85ce5000 	C:\Windows\system32\opengl32.dll
0x00007ffbabcb0000 - 0x00007ffbabcdc000 	C:\Windows\SYSTEM32\GLU32.dll
0x00007ffbb3be0000 - 0x00007ffbb3cf5000 	C:\Windows\System32\MSCTF.dll
0x00007ffbb53e0000 - 0x00007ffbb550a000 	C:\Windows\System32\ole32.dll
0x00007ffbb2e80000 - 0x00007ffbb2e92000 	C:\Windows\SYSTEM32\msasn1.dll
0x00007ffbadf60000 - 0x00007ffbadf91000 	C:\Windows\SYSTEM32\cryptnet.dll
0x00007ffbb32c0000 - 0x00007ffbb3416000 	C:\Windows\System32\CRYPT32.dll
0x00007ffbadbd0000 - 0x00007ffbadd18000 	C:\Windows\SYSTEM32\drvstore.dll
0x00007ffbb3040000 - 0x00007ffbb306c000 	C:\Windows\SYSTEM32\devobj.dll
0x00007ffbb3b90000 - 0x00007ffbb3bde000 	C:\Windows\System32\cfgmgr32.dll
0x00007ffbb2c40000 - 0x00007ffbb2c4c000 	C:\Windows\SYSTEM32\cryptbase.dll
0x00007ffbb3420000 - 0x00007ffbb348a000 	C:\Windows\System32\WINTRUST.DLL
0x00007ffbb4650000 - 0x00007ffbb466d000 	C:\Windows\System32\imagehlp.dll
0x00007ffbb2c50000 - 0x00007ffbb2c68000 	C:\Windows\SYSTEM32\CRYPTSP.dll
0x00007ffbb2300000 - 0x00007ffbb2334000 	C:\Windows\system32\rsaenh.dll
0x00007ffbb36e0000 - 0x00007ffbb3707000 	C:\Windows\System32\bcrypt.dll
0x00007ffbb1b20000 - 0x00007ffbb1b43000 	C:\Windows\SYSTEM32\gpapi.dll
0x00007ffb9ea70000 - 0x00007ffb9eaab000 	C:\Windows\SYSTEM32\dxcore.dll
0x00007ffbac9b0000 - 0x00007ffbac9c0000 	C:\Users\PC\AppData\Local\Programs\Eclipse Adoptium\jdk-17.0.2.8-hotspot\bin\verify.dll
0x00007ffb98870000 - 0x00007ffb988f9000 	C:\Users\PC\AppData\Local\Programs\Eclipse Adoptium\jdk-17.0.2.8-hotspot\bin\freetype.dll
0x00007ffb985d0000 - 0x00007ffb98678000 	C:\Users\PC\AppData\Local\Programs\Eclipse Adoptium\jdk-17.0.2.8-hotspot\bin\fontmanager.dll
0x00007ffba0f30000 - 0x00007ffba1029000 	C:\Windows\SYSTEM32\textinputframework.dll
0x00007ffbafc30000 - 0x00007ffbaff8e000 	C:\Windows\System32\CoreUIComponents.dll
0x00007ffbaff90000 - 0x00007ffbb0082000 	C:\Windows\System32\CoreMessaging.dll
0x00007ffbb2420000 - 0x00007ffbb2453000 	C:\Windows\SYSTEM32\ntmarta.dll
0x00007ffbb01c0000 - 0x00007ffbb0314000 	C:\Windows\SYSTEM32\wintypes.dll
0x00007ffbb26f0000 - 0x00007ffbb272b000 	C:\Windows\SYSTEM32\IPHLPAPI.DLL
0x00007ffbae4d0000 - 0x00007ffbae4db000 	C:\Windows\SYSTEM32\WINNSI.DLL
0x00007ffbb4480000 - 0x00007ffbb4488000 	C:\Windows\System32\NSI.dll
0x00007ffbad360000 - 0x00007ffbad36e000 	C:\Users\PC\AppData\Local\Programs\Eclipse Adoptium\jdk-17.0.2.8-hotspot\bin\sunmscapi.dll
0x00007ffbb2d60000 - 0x00007ffbb2d87000 	C:\Windows\SYSTEM32\ncrypt.dll
0x00007ffbb2d20000 - 0x00007ffbb2d5b000 	C:\Windows\SYSTEM32\NTASN1.dll
0x00007ffbb3190000 - 0x00007ffbb31be000 	C:\Windows\SYSTEM32\USERENV.dll
0x00007ffbae4b0000 - 0x00007ffbae4c7000 	C:\Windows\SYSTEM32\dhcpcsvc6.DLL
0x00007ffbae490000 - 0x00007ffbae4ad000 	C:\Windows\SYSTEM32\dhcpcsvc.DLL
0x00007ffbb2730000 - 0x00007ffbb27fa000 	C:\Windows\SYSTEM32\DNSAPI.dll
0x00007ffbb0820000 - 0x00007ffbb0834000 	C:\Windows\system32\Wtsapi32.dll
0x00007ffbb1f90000 - 0x00007ffbb1ff4000 	C:\Windows\SYSTEM32\WINSTA.dll
0x00007ffbab150000 - 0x00007ffbab246000 	C:\Windows\SYSTEM32\PROPSYS.dll
0x00007ffba7650000 - 0x00007ffba783d000 	C:\Windows\SYSTEM32\urlmon.dll
0x00007ffba6f00000 - 0x00007ffba71b1000 	C:\Windows\SYSTEM32\iertutil.dll
0x00007ffba7310000 - 0x00007ffba7338000 	C:\Windows\SYSTEM32\srvcli.dll
0x00007ffbb2800000 - 0x00007ffbb280c000 	C:\Windows\SYSTEM32\netutils.dll
0x00007ffbb5290000 - 0x00007ffbb533f000 	C:\Windows\System32\clbcatq.dll
0x00007ffb941b0000 - 0x00007ffb941cd000 	C:\Windows\System32\Windows.Shell.ServiceHostBuilder.dll
0x00007ffba61d0000 - 0x00007ffba699b000 	C:\Windows\System32\OneCoreUAPCommonProxyStub.dll
0x00007ffba1ad0000 - 0x00007ffba1c16000 	C:\Windows\System32\Windows.StateRepositoryPS.dll
0x00007ffb8fbf0000 - 0x00007ffb8fc14000 	C:\Windows\SYSTEM32\edputil.dll
0x00007ffba4930000 - 0x00007ffba493c000 	C:\Windows\SYSTEM32\Secur32.dll
0x00007ffbb3150000 - 0x00007ffbb3182000 	C:\Windows\SYSTEM32\SSPICLI.DLL
0x00007ffb8e280000 - 0x00007ffb8e2c2000 	C:\Windows\SYSTEM32\MLANG.dll
0x00007ffba8420000 - 0x00007ffba88f9000 	C:\Windows\SYSTEM32\WININET.dll
0x00007ffba1130000 - 0x00007ffba117c000 	C:\Windows\System32\Windows.UI.AppDefaults.dll
0x00007ffbae220000 - 0x00007ffbae2c0000 	C:\Windows\SYSTEM32\policymanager.dll
0x00007ffbb2390000 - 0x00007ffbb241a000 	C:\Windows\SYSTEM32\msvcp110_win.dll
0x00007ffb99a80000 - 0x00007ffb99aff000 	C:\Windows\System32\OneCoreCommonProxyStub.dll
0x00007ffb9b920000 - 0x00007ffb9b9cc000 	C:\Windows\SYSTEM32\TextShaping.dll

dbghelp: loaded successfully - version: 4.0.5 - missing functions: none
symbol engine: initialized successfully - sym options: 0x614 - pdb path: .;C:\Users\PC\AppData\Local\Programs\Eclipse Adoptium\jdk-17.0.2.8-hotspot\bin;C:\Windows\SYSTEM32;C:\Windows\WinSxS\amd64_microsoft.windows.common-controls_6595b64144ccf1df_6.0.19041.1110_none_60b5254171f9507e;C:\Users\PC\AppData\Local\Programs\Eclipse Adoptium\jdk-17.0.2.8-hotspot\bin\server;C:\Windows\System32\DriverStore\FileRepository\nv_dispig.inf_amd64_ee20464bb4ac57f4

VM Arguments:
java_command: C:\Users\PC\Downloads\Emma\Java\Nueva carpeta\Paneles\Paneles.jar
java_class_path (initial): C:\Users\PC\Downloads\Emma\Java\Nueva carpeta\Paneles\Paneles.jar
Launcher Type: SUN_STANDARD

[Global flags]
     intx CICompilerCount                          = 4                                         {product} {ergonomic}
     uint ConcGCThreads                            = 2                                         {product} {ergonomic}
     uint G1ConcRefinementThreads                  = 8                                         {product} {ergonomic}
   size_t G1HeapRegionSize                         = 2097152                                   {product} {ergonomic}
    uintx GCDrainStackTargetSize                   = 64                                        {product} {ergonomic}
   size_t InitialHeapSize                          = 268435456                                 {product} {ergonomic}
   size_t MarkStackSize                            = 4194304                                   {product} {ergonomic}
   size_t MaxHeapSize                              = 4278190080                                {product} {ergonomic}
   size_t MaxNewSize                               = 2566914048                                {product} {ergonomic}
   size_t MinHeapDeltaBytes                        = 2097152                                   {product} {ergonomic}
   size_t MinHeapSize                              = 8388608                                   {product} {ergonomic}
    uintx NonNMethodCodeHeapSize                   = 5839372                                {pd product} {ergonomic}
    uintx NonProfiledCodeHeapSize                  = 122909434                              {pd product} {ergonomic}
    uintx ProfiledCodeHeapSize                     = 122909434                              {pd product} {ergonomic}
    uintx ReservedCodeCacheSize                    = 251658240                              {pd product} {ergonomic}
     bool SegmentedCodeCache                       = true                                      {product} {ergonomic}
   size_t SoftMaxHeapSize                          = 4278190080                             {manageable} {ergonomic}
     bool UseCompressedClassPointers               = true                           {product lp64_product} {ergonomic}
     bool UseCompressedOops                        = true                           {product lp64_product} {ergonomic}
     bool UseG1GC                                  = true                                      {product} {ergonomic}
     bool UseLargePagesIndividualAllocation        = false                                  {pd product} {ergonomic}

Logging:
Log output configuration:
 #0: stdout all=warning uptime,level,tags
 #1: stderr all=off uptime,level,tags

Environment Variables:
JAVA_HOME=C:\Users\PC\AppData\Local\Programs\Eclipse Adoptium\jdk-17.0.2.8-hotspot\
PATH=C:\Windows\system32;C:\Windows;C:\Windows\System32\Wbem;C:\Windows\System32\WindowsPowerShell\v1.0\;C:\Windows\System32\OpenSSH\;C:\Program Files\PuTTY\;C:\Users\PC\AppData\Local\Programs\Python\Python310\Scripts\;C:\Users\PC\AppData\Local\Programs\Python\Python310\;C:\Users\PC\AppData\Local\Programs\Eclipse Adoptium\jdk-17.0.2.8-hotspot\bin;C:\Users\PC\AppData\Local\Microsoft\WindowsApps;;C:\Users\PC\AppData\Local\Programs\Microsoft VS Code\bin;C:\Users\PC\AppData\Local\Programs\oh-my-posh\bin
USERNAME=PC
OS=Windows_NT
PROCESSOR_IDENTIFIER=AMD64 Family 23 Model 113 Stepping 0, AuthenticAMD



---------------  S Y S T E M  ---------------

OS:
 Windows 10 , 64 bit Build 19041 (10.0.19041.2251)
OS uptime: 15 days 4:15 hours

CPU: total 8 (initial active 8) (8 cores per cpu, 2 threads per core) family 23 model 113 stepping 0 microcode 0x0, cx8, cmov, fxsr, ht, mmx, 3dnowpref, sse, sse2, sse3, ssse3, sse4a, sse4.1, sse4.2, popcnt, lzcnt, tsc, tscinvbit, avx, avx2, aes, clmul, bmi1, bmi2, adx, sha, fma, vzeroupper, clflush, clflushopt

Memory: 4k page, system-wide physical 16315M (8601M free)
TotalPageFile size 44852M (AvailPageFile size 0M)
current process WorkingSet (physical memory assigned to process): 95M, peak: 143M
current process commit charge ("private bytes"): 372M, peak: 430M

vm_info: OpenJDK 64-Bit Server VM (17.0.2+8) for windows-amd64 JRE (17.0.2+8), built on Jan 20 2022 04:52:34 by "" with MS VC++ 16.7 (VS2019)

END.
